Archive member included to satisfy reference by file (symbol)

c:/program files (x86)/atollic/truestudio for stm32 9.3.0/armtools/bin/../lib/gcc/arm-atollic-eabi/6.3.1/../../../../arm-atollic-eabi/lib/armv7e-m/fpu\libc.a(lib_a-init.o)
                              src\startup_stm32f446xx.o (__libc_init_array)
c:/program files (x86)/atollic/truestudio for stm32 9.3.0/armtools/bin/../lib/gcc/arm-atollic-eabi/6.3.1/../../../../arm-atollic-eabi/lib/armv7e-m/fpu\libc.a(lib_a-memset.o)
                              src\main.o (memset)
c:/program files (x86)/atollic/truestudio for stm32 9.3.0/armtools/bin/../lib/gcc/arm-atollic-eabi/6.3.1/../../../../arm-atollic-eabi/lib/armv7e-m/fpu\libc.a(lib_a-strlen.o)
                              src\tiny_printf.o (strlen)
c:/program files (x86)/atollic/truestudio for stm32 9.3.0/armtools/bin/../lib/gcc/arm-atollic-eabi/6.3.1/../../../../arm-atollic-eabi/lib/armv7e-m/fpu\libnosys.a(write.o)
                              src\tiny_printf.o (_write)
c:/program files (x86)/atollic/truestudio for stm32 9.3.0/armtools/bin/../lib/gcc/arm-atollic-eabi/6.3.1/../../../../arm-atollic-eabi/lib/armv7e-m/fpu\libnosys.a(errno.o)
                              c:/program files (x86)/atollic/truestudio for stm32 9.3.0/armtools/bin/../lib/gcc/arm-atollic-eabi/6.3.1/../../../../arm-atollic-eabi/lib/armv7e-m/fpu\libnosys.a(write.o) (errno)

Allocating common symbols
Common symbol       size              file

errno               0x4               c:/program files (x86)/atollic/truestudio for stm32 9.3.0/armtools/bin/../lib/gcc/arm-atollic-eabi/6.3.1/../../../../arm-atollic-eabi/lib/armv7e-m/fpu\libnosys.a(errno.o)
uwTick              0x4               Drivers\STM32F4xx_HAL_Driver\Src\stm32f4xx_hal.o
pFlash              0x20              Drivers\STM32F4xx_HAL_Driver\Src\stm32f4xx_hal_flash.o
TimHandle           0x3c              Drivers\STM32F4xx_HAL_Driver\Src\stm32f4xx_hal_timebase_tim_template.o

Discarded input sections

 .text          0x00000000        0x0 c:/program files (x86)/atollic/truestudio for stm32 9.3.0/armtools/bin/../lib/gcc/arm-atollic-eabi/6.3.1/armv7e-m/fpu/crti.o
 .data          0x00000000        0x0 c:/program files (x86)/atollic/truestudio for stm32 9.3.0/armtools/bin/../lib/gcc/arm-atollic-eabi/6.3.1/armv7e-m/fpu/crti.o
 .bss           0x00000000        0x0 c:/program files (x86)/atollic/truestudio for stm32 9.3.0/armtools/bin/../lib/gcc/arm-atollic-eabi/6.3.1/armv7e-m/fpu/crti.o
 .data          0x00000000        0x4 c:/program files (x86)/atollic/truestudio for stm32 9.3.0/armtools/bin/../lib/gcc/arm-atollic-eabi/6.3.1/armv7e-m/fpu/crtbegin.o
 .text          0x00000000        0x0 Drivers\STM32F4xx_HAL_Driver\Src\stm32f4xx_hal.o
 .data          0x00000000        0x0 Drivers\STM32F4xx_HAL_Driver\Src\stm32f4xx_hal.o
 .bss           0x00000000        0x0 Drivers\STM32F4xx_HAL_Driver\Src\stm32f4xx_hal.o
 .text.HAL_DeInit
                0x00000000       0x58 Drivers\STM32F4xx_HAL_Driver\Src\stm32f4xx_hal.o
 .text.HAL_MspInit
                0x00000000        0xe Drivers\STM32F4xx_HAL_Driver\Src\stm32f4xx_hal.o
 .text.HAL_MspDeInit
                0x00000000        0xe Drivers\STM32F4xx_HAL_Driver\Src\stm32f4xx_hal.o
 .text.HAL_InitTick
                0x00000000       0x38 Drivers\STM32F4xx_HAL_Driver\Src\stm32f4xx_hal.o
 .text.HAL_SuspendTick
                0x00000000       0x20 Drivers\STM32F4xx_HAL_Driver\Src\stm32f4xx_hal.o
 .text.HAL_ResumeTick
                0x00000000       0x20 Drivers\STM32F4xx_HAL_Driver\Src\stm32f4xx_hal.o
 .text.HAL_GetHalVersion
                0x00000000       0x14 Drivers\STM32F4xx_HAL_Driver\Src\stm32f4xx_hal.o
 .text.HAL_GetREVID
                0x00000000       0x18 Drivers\STM32F4xx_HAL_Driver\Src\stm32f4xx_hal.o
 .text.HAL_GetDEVID
                0x00000000       0x1c Drivers\STM32F4xx_HAL_Driver\Src\stm32f4xx_hal.o
 .text.HAL_DBGMCU_EnableDBGSleepMode
                0x00000000       0x20 Drivers\STM32F4xx_HAL_Driver\Src\stm32f4xx_hal.o
 .text.HAL_DBGMCU_DisableDBGSleepMode
                0x00000000       0x20 Drivers\STM32F4xx_HAL_Driver\Src\stm32f4xx_hal.o
 .text.HAL_DBGMCU_EnableDBGStopMode
                0x00000000       0x20 Drivers\STM32F4xx_HAL_Driver\Src\stm32f4xx_hal.o
 .text.HAL_DBGMCU_DisableDBGStopMode
                0x00000000       0x20 Drivers\STM32F4xx_HAL_Driver\Src\stm32f4xx_hal.o
 .text.HAL_DBGMCU_EnableDBGStandbyMode
                0x00000000       0x20 Drivers\STM32F4xx_HAL_Driver\Src\stm32f4xx_hal.o
 .text.HAL_DBGMCU_DisableDBGStandbyMode
                0x00000000       0x20 Drivers\STM32F4xx_HAL_Driver\Src\stm32f4xx_hal.o
 .text.HAL_EnableCompensationCell
                0x00000000       0x40 Drivers\STM32F4xx_HAL_Driver\Src\stm32f4xx_hal.o
 .text.HAL_DisableCompensationCell
                0x00000000       0x40 Drivers\STM32F4xx_HAL_Driver\Src\stm32f4xx_hal.o
 .text.HAL_GetUID
                0x00000000       0x3c Drivers\STM32F4xx_HAL_Driver\Src\stm32f4xx_hal.o
[...]
Memory Configuration

Name             Origin             Length             Attributes
FLASH            0x08000000         0x00080000         xr
RAM              0x20000000         0x00020000         xrw
MEMORY_B1        0x60000000         0x00000000         xr
*default*        0x00000000         0xffffffff

Linker script and memory map

LOAD c:/program files (x86)/atollic/truestudio for stm32 9.3.0/armtools/bin/../lib/gcc/arm-atollic-eabi/6.3.1/armv7e-m/fpu/crti.o
LOAD c:/program files (x86)/atollic/truestudio for stm32 9.3.0/armtools/bin/../lib/gcc/arm-atollic-eabi/6.3.1/armv7e-m/fpu/crtbegin.o
LOAD Drivers\STM32F4xx_HAL_Driver\Src\stm32f4xx_hal.o
LOAD Drivers\STM32F4xx_HAL_Driver\Src\stm32f4xx_hal_adc.o
LOAD Drivers\STM32F4xx_HAL_Driver\Src\stm32f4xx_hal_adc_ex.o
LOAD Drivers\STM32F4xx_HAL_Driver\Src\stm32f4xx_hal_can.o
LOAD Drivers\STM32F4xx_HAL_Driver\Src\stm32f4xx_hal_cec.o
LOAD Drivers\STM32F4xx_HAL_Driver\Src\stm32f4xx_hal_cortex.o
LOAD Drivers\STM32F4xx_HAL_Driver\Src\stm32f4xx_hal_crc.o
LOAD Drivers\STM32F4xx_HAL_Driver\Src\stm32f4xx_hal_cryp.o
LOAD Drivers\STM32F4xx_HAL_Driver\Src\stm32f4xx_hal_cryp_ex.o
LOAD Drivers\STM32F4xx_HAL_Driver\Src\stm32f4xx_hal_dac.o
LOAD Drivers\STM32F4xx_HAL_Driver\Src\stm32f4xx_hal_dac_ex.o
LOAD Drivers\STM32F4xx_HAL_Driver\Src\stm32f4xx_hal_dcmi.o
LOAD Drivers\STM32F4xx_HAL_Driver\Src\stm32f4xx_hal_dcmi_ex.o
LOAD Drivers\STM32F4xx_HAL_Driver\Src\stm32f4xx_hal_dfsdm.o
LOAD Drivers\STM32F4xx_HAL_Driver\Src\stm32f4xx_hal_dma.o
LOAD Drivers\STM32F4xx_HAL_Driver\Src\stm32f4xx_hal_dma2d.o
LOAD Drivers\STM32F4xx_HAL_Driver\Src\stm32f4xx_hal_dma_ex.o
LOAD Drivers\STM32F4xx_HAL_Driver\Src\stm32f4xx_hal_dsi.o
LOAD Drivers\STM32F4xx_HAL_Driver\Src\stm32f4xx_hal_eth.o
LOAD Drivers\STM32F4xx_HAL_Driver\Src\stm32f4xx_hal_flash.o
LOAD Drivers\STM32F4xx_HAL_Driver\Src\stm32f4xx_hal_flash_ex.o
LOAD Drivers\STM32F4xx_HAL_Driver\Src\stm32f4xx_hal_flash_ramfunc.o
LOAD Drivers\STM32F4xx_HAL_Driver\Src\stm32f4xx_hal_fmpi2c.o
LOAD Drivers\STM32F4xx_HAL_Driver\Src\stm32f4xx_hal_fmpi2c_ex.o
LOAD Drivers\STM32F4xx_HAL_Driver\Src\stm32f4xx_hal_gpio.o
LOAD Drivers\STM32F4xx_HAL_Driver\Src\stm32f4xx_hal_hash.o
LOAD Drivers\STM32F4xx_HAL_Driver\Src\stm32f4xx_hal_hash_ex.o
LOAD Drivers\STM32F4xx_HAL_Driver\Src\stm32f4xx_hal_hcd.o
LOAD Drivers\STM32F4xx_HAL_Driver\Src\stm32f4xx_hal_i2c.o
LOAD Drivers\STM32F4xx_HAL_Driver\Src\stm32f4xx_hal_i2c_ex.o
LOAD Drivers\STM32F4xx_HAL_Driver\Src\stm32f4xx_hal_i2s.o
LOAD Drivers\STM32F4xx_HAL_Driver\Src\stm32f4xx_hal_i2s_ex.o
LOAD Drivers\STM32F4xx_HAL_Driver\Src\stm32f4xx_hal_irda.o
LOAD Drivers\STM32F4xx_HAL_Driver\Src\stm32f4xx_hal_iwdg.o
LOAD Drivers\STM32F4xx_HAL_Driver\Src\stm32f4xx_hal_lptim.o
LOAD Drivers\STM32F4xx_HAL_Driver\Src\stm32f4xx_hal_ltdc.o
LOAD Drivers\STM32F4xx_HAL_Driver\Src\stm32f4xx_hal_ltdc_ex.o
LOAD Drivers\STM32F4xx_HAL_Driver\Src\stm32f4xx_hal_mmc.o
LOAD Drivers\STM32F4xx_HAL_Driver\Src\stm32f4xx_hal_msp_template.o
LOAD Drivers\STM32F4xx_HAL_Driver\Src\stm32f4xx_hal_nand.o
LOAD Drivers\STM32F4xx_HAL_Driver\Src\stm32f4xx_hal_nor.o
LOAD Drivers\STM32F4xx_HAL_Driver\Src\stm32f4xx_hal_pccard.o
LOAD Drivers\STM32F4xx_HAL_Driver\Src\stm32f4xx_hal_pcd.o
LOAD Drivers\STM32F4xx_HAL_Driver\Src\stm32f4xx_hal_pcd_ex.o
LOAD Drivers\STM32F4xx_HAL_Driver\Src\stm32f4xx_hal_pwr.o
LOAD Drivers\STM32F4xx_HAL_Driver\Src\stm32f4xx_hal_pwr_ex.o
LOAD Drivers\STM32F4xx_HAL_Driver\Src\stm32f4xx_hal_qspi.o
LOAD Drivers\STM32F4xx_HAL_Driver\Src\stm32f4xx_hal_rcc.o
LOAD Drivers\STM32F4xx_HAL_Driver\Src\stm32f4xx_hal_rcc_ex.o
LOAD Drivers\STM32F4xx_HAL_Driver\Src\stm32f4xx_hal_rng.o
LOAD Drivers\STM32F4xx_HAL_Driver\Src\stm32f4xx_hal_rtc.o
LOAD Drivers\STM32F4xx_HAL_Driver\Src\stm32f4xx_hal_rtc_ex.o
LOAD Drivers\STM32F4xx_HAL_Driver\Src\stm32f4xx_hal_sai.o
LOAD Drivers\STM32F4xx_HAL_Driver\Src\stm32f4xx_hal_sai_ex.o
LOAD Drivers\STM32F4xx_HAL_Driver\Src\stm32f4xx_hal_sd.o
LOAD Drivers\STM32F4xx_HAL_Driver\Src\stm32f4xx_hal_sdram.o
LOAD Drivers\STM32F4xx_HAL_Driver\Src\stm32f4xx_hal_smartcard.o
LOAD Drivers\STM32F4xx_HAL_Driver\Src\stm32f4xx_hal_spdifrx.o
LOAD Drivers\STM32F4xx_HAL_Driver\Src\stm32f4xx_hal_spi.o
LOAD Drivers\STM32F4xx_HAL_Driver\Src\stm32f4xx_hal_sram.o
LOAD Drivers\STM32F4xx_HAL_Driver\Src\stm32f4xx_hal_tim.o
LOAD Drivers\STM32F4xx_HAL_Driver\Src\stm32f4xx_hal_tim_ex.o
LOAD Drivers\STM32F4xx_HAL_Driver\Src\stm32f4xx_hal_timebase_tim_template.o
LOAD Drivers\STM32F4xx_HAL_Driver\Src\stm32f4xx_hal_uart.o
LOAD Drivers\STM32F4xx_HAL_Driver\Src\stm32f4xx_hal_usart.o
LOAD Drivers\STM32F4xx_HAL_Driver\Src\stm32f4xx_hal_wwdg.o
LOAD Drivers\STM32F4xx_HAL_Driver\Src\stm32f4xx_ll_adc.o
LOAD Drivers\STM32F4xx_HAL_Driver\Src\stm32f4xx_ll_crc.o
LOAD Drivers\STM32F4xx_HAL_Driver\Src\stm32f4xx_ll_dac.o
LOAD Drivers\STM32F4xx_HAL_Driver\Src\stm32f4xx_ll_dma.o
LOAD Drivers\STM32F4xx_HAL_Driver\Src\stm32f4xx_ll_dma2d.o
LOAD Drivers\STM32F4xx_HAL_Driver\Src\stm32f4xx_ll_exti.o
LOAD Drivers\STM32F4xx_HAL_Driver\Src\stm32f4xx_ll_fmc.o
LOAD Drivers\STM32F4xx_HAL_Driver\Src\stm32f4xx_ll_fsmc.o
LOAD Drivers\STM32F4xx_HAL_Driver\Src\stm32f4xx_ll_gpio.o
LOAD Drivers\STM32F4xx_HAL_Driver\Src\stm32f4xx_ll_i2c.o
LOAD Drivers\STM32F4xx_HAL_Driver\Src\stm32f4xx_ll_lptim.o
LOAD Drivers\STM32F4xx_HAL_Driver\Src\stm32f4xx_ll_pwr.o
LOAD Drivers\STM32F4xx_HAL_Driver\Src\stm32f4xx_ll_rcc.o
LOAD Drivers\STM32F4xx_HAL_Driver\Src\stm32f4xx_ll_rng.o
LOAD Drivers\STM32F4xx_HAL_Driver\Src\stm32f4xx_ll_rtc.o
LOAD Drivers\STM32F4xx_HAL_Driver\Src\stm32f4xx_ll_sdmmc.o
LOAD Drivers\STM32F4xx_HAL_Driver\Src\stm32f4xx_ll_spi.o
LOAD Drivers\STM32F4xx_HAL_Driver\Src\stm32f4xx_ll_tim.o
LOAD Drivers\STM32F4xx_HAL_Driver\Src\stm32f4xx_ll_usart.o
LOAD Drivers\STM32F4xx_HAL_Driver\Src\stm32f4xx_ll_usb.o
LOAD Drivers\STM32F4xx_HAL_Driver\Src\stm32f4xx_ll_utils.o
LOAD src\main.o
LOAD src\startup_stm32f446xx.o
LOAD src\system_stm32f4xx.o
LOAD src\tiny_printf.o
                0x00000080                malloc_getpagesize_P = 0x80
START GROUP
LOAD c:/program files (x86)/atollic/truestudio for stm32 9.3.0/armtools/bin/../lib/gcc/arm-atollic-eabi/6.3.1/../../../../arm-atollic-eabi/lib/armv7e-m/fpu\libc.a
LOAD c:/program files (x86)/atollic/truestudio for stm32 9.3.0/armtools/bin/../lib/gcc/arm-atollic-eabi/6.3.1/../../../../arm-atollic-eabi/lib/armv7e-m/fpu\libm.a
END GROUP
START GROUP
LOAD c:/program files (x86)/atollic/truestudio for stm32 9.3.0/armtools/bin/../lib/gcc/arm-atollic-eabi/6.3.1/armv7e-m/fpu\libgcc.a
LOAD c:/program files (x86)/atollic/truestudio for stm32 9.3.0/armtools/bin/../lib/gcc/arm-atollic-eabi/6.3.1/../../../../arm-atollic-eabi/lib/armv7e-m/fpu\libc.a
END GROUP
START GROUP
LOAD c:/program files (x86)/atollic/truestudio for stm32 9.3.0/armtools/bin/../lib/gcc/arm-atollic-eabi/6.3.1/armv7e-m/fpu\libgcc.a
LOAD c:/program files (x86)/atollic/truestudio for stm32 9.3.0/armtools/bin/../lib/gcc/arm-atollic-eabi/6.3.1/../../../../arm-atollic-eabi/lib/armv7e-m/fpu\libc.a
LOAD c:/program files (x86)/atollic/truestudio for stm32 9.3.0/armtools/bin/../lib/gcc/arm-atollic-eabi/6.3.1/../../../../arm-atollic-eabi/lib/armv7e-m/fpu\libnosys.a
END GROUP
LOAD c:/program files (x86)/atollic/truestudio for stm32 9.3.0/armtools/bin/../lib/gcc/arm-atollic-eabi/6.3.1/armv7e-m/fpu/crtend.o
LOAD c:/program files (x86)/atollic/truestudio for stm32 9.3.0/armtools/bin/../lib/gcc/arm-atollic-eabi/6.3.1/armv7e-m/fpu/crtn.o
                0x20020000                _estack = 0x20020000
                0x00000000                _Min_Heap_Size = 0x0
                0x00000400                _Min_Stack_Size = 0x400

.isr_vector     0x08000000      0x1c4
                0x08000000                . = ALIGN (0x4)
 *(.isr_vector)
 .isr_vector    0x08000000      0x1c4 src\startup_stm32f446xx.o
                0x08000000                g_pfnVectors
                0x080001c4                . = ALIGN (0x4)

.text           0x080001c4     0x1820
                0x080001c4                . = ALIGN (0x4)
 *(.text)
 .text          0x080001c4       0x40 c:/program files (x86)/atollic/truestudio for stm32 9.3.0/armtools/bin/../lib/gcc/arm-atollic-eabi/6.3.1/armv7e-m/fpu/crtbegin.o
 *(.text*)
 .text.HAL_Init
                0x08000204       0x44 Drivers\STM32F4xx_HAL_Driver\Src\stm32f4xx_hal.o
                0x08000204                HAL_Init
 .text.HAL_IncTick
                0x08000248       0x1c Drivers\STM32F4xx_HAL_Driver\Src\stm32f4xx_hal.o
                0x08000248                HAL_IncTick
 .text.HAL_GetTick
                0x08000264       0x18 Drivers\STM32F4xx_HAL_Driver\Src\stm32f4xx_hal.o
                0x08000264                HAL_GetTick
 .text.HAL_Delay
                0x0800027c       0x3a Drivers\STM32F4xx_HAL_Driver\Src\stm32f4xx_hal.o
                0x0800027c                HAL_Delay
 *fill*         0x080002b6        0x2 
 .text.NVIC_SetPriorityGrouping
                0x080002b8       0x48 Drivers\STM32F4xx_HAL_Driver\Src\stm32f4xx_hal_cortex.o
 .text.NVIC_GetPriorityGrouping
                0x08000300       0x1c Drivers\STM32F4xx_HAL_Driver\Src\stm32f4xx_hal_cortex.o
 .text.NVIC_EnableIRQ
                0x0800031c       0x34 Drivers\STM32F4xx_HAL_Driver\Src\stm32f4xx_hal_cortex.o
 .text.NVIC_SetPriority
                0x08000350       0x54 Drivers\STM32F4xx_HAL_Driver\Src\stm32f4xx_hal_cortex.o
 .text.NVIC_EncodePriority
                0x080003a4       0x66 Drivers\STM32F4xx_HAL_Driver\Src\stm32f4xx_hal_cortex.o
 .text.HAL_NVIC_SetPriorityGrouping
                0x0800040a       0x16 Drivers\STM32F4xx_HAL_Driver\Src\stm32f4xx_hal_cortex.o
                0x0800040a                HAL_NVIC_SetPriorityGrouping
 .text.HAL_NVIC_SetPriority
                0x08000420       0x38 Drivers\STM32F4xx_HAL_Driver\Src\stm32f4xx_hal_cortex.o
                0x08000420                HAL_NVIC_SetPriority
 .text.HAL_NVIC_EnableIRQ
                0x08000458       0x1c Drivers\STM32F4xx_HAL_Driver\Src\stm32f4xx_hal_cortex.o
                0x08000458                HAL_NVIC_EnableIRQ
 .text.HAL_GPIO_Init
                0x08000474      0x324 Drivers\STM32F4xx_HAL_Driver\Src\stm32f4xx_hal_gpio.o
                0x08000474                HAL_GPIO_Init
 .text.HAL_GPIO_TogglePin
                0x08000798       0x24 Drivers\STM32F4xx_HAL_Driver\Src\stm32f4xx_hal_gpio.o
                0x08000798                HAL_GPIO_TogglePin
 .text.HAL_MspInit
                0x080007bc        0xe Drivers\STM32F4xx_HAL_Driver\Src\stm32f4xx_hal_msp_template.o
                0x080007bc                HAL_MspInit
 *fill*         0x080007ca        0x2 
 .text.HAL_RCC_ClockConfig
                0x080007cc      0x230 Drivers\STM32F4xx_HAL_Driver\Src\stm32f4xx_hal_rcc.o
                0x080007cc                HAL_RCC_ClockConfig
 .text.HAL_RCC_GetHCLKFreq
                0x080009fc       0x18 Drivers\STM32F4xx_HAL_Driver\Src\stm32f4xx_hal_rcc.o
                0x080009fc                HAL_RCC_GetHCLKFreq
 .text.HAL_RCC_GetPCLK1Freq
                0x08000a14       0x50 Drivers\STM32F4xx_HAL_Driver\Src\stm32f4xx_hal_rcc.o
                0x08000a14                HAL_RCC_GetPCLK1Freq
 .text.HAL_RCC_GetClockConfig
                0x08000a64       0x64 Drivers\STM32F4xx_HAL_Driver\Src\stm32f4xx_hal_rcc.o
                0x08000a64                HAL_RCC_GetClockConfig
 .text.HAL_RCC_GetSysClockFreq
                0x08000ac8      0x210 Drivers\STM32F4xx_HAL_Driver\Src\stm32f4xx_hal_rcc_ex.o
                0x08000ac8                HAL_RCC_GetSysClockFreq
 .text.HAL_RCC_OscConfig
                0x08000cd8      0x538 Drivers\STM32F4xx_HAL_Driver\Src\stm32f4xx_hal_rcc_ex.o
                0x08000cd8                HAL_RCC_OscConfig
 .text.HAL_TIM_Base_Init
                0x08001210       0x56 Drivers\STM32F4xx_HAL_Driver\Src\stm32f4xx_hal_tim.o
                0x08001210                HAL_TIM_Base_Init
 .text.HAL_TIM_Base_MspInit
                0x08001266       0x14 Drivers\STM32F4xx_HAL_Driver\Src\stm32f4xx_hal_tim.o
                0x08001266                HAL_TIM_Base_MspInit
 .text.HAL_TIM_Base_Start_IT
                0x0800127a       0x36 Drivers\STM32F4xx_HAL_Driver\Src\stm32f4xx_hal_tim.o
                0x0800127a                HAL_TIM_Base_Start_IT
 .text.HAL_TIM_IRQHandler
                0x080012b0      0x210 Drivers\STM32F4xx_HAL_Driver\Src\stm32f4xx_hal_tim.o
                0x080012b0                HAL_TIM_IRQHandler
 .text.HAL_TIM_OC_DelayElapsedCallback
                0x080014c0       0x14 Drivers\STM32F4xx_HAL_Driver\Src\stm32f4xx_hal_tim.o
                0x080014c0                HAL_TIM_OC_DelayElapsedCallback
 .text.HAL_TIM_IC_CaptureCallback
                0x080014d4       0x14 Drivers\STM32F4xx_HAL_Driver\Src\stm32f4xx_hal_tim.o
                0x080014d4                HAL_TIM_IC_CaptureCallback
 .text.HAL_TIM_PWM_PulseFinishedCallback
                0x080014e8       0x14 Drivers\STM32F4xx_HAL_Driver\Src\stm32f4xx_hal_tim.o
                0x080014e8                HAL_TIM_PWM_PulseFinishedCallback
 .text.HAL_TIM_TriggerCallback
                0x080014fc       0x14 Drivers\STM32F4xx_HAL_Driver\Src\stm32f4xx_hal_tim.o
                0x080014fc                HAL_TIM_TriggerCallback
 .text.TIM_Base_SetConfig
                0x08001510      0x154 Drivers\STM32F4xx_HAL_Driver\Src\stm32f4xx_hal_tim.o
                0x08001510                TIM_Base_SetConfig
 .text.HAL_TIMEx_CommutationCallback
                0x08001664       0x14 Drivers\STM32F4xx_HAL_Driver\Src\stm32f4xx_hal_tim_ex.o
                0x08001664                HAL_TIMEx_CommutationCallback
 .text.HAL_TIMEx_BreakCallback
                0x08001678       0x14 Drivers\STM32F4xx_HAL_Driver\Src\stm32f4xx_hal_tim_ex.o
                0x08001678                HAL_TIMEx_BreakCallback
 .text.HAL_InitTick
                0x0800168c       0xc8 Drivers\STM32F4xx_HAL_Driver\Src\stm32f4xx_hal_timebase_tim_template.o
                0x0800168c                HAL_InitTick
 .text.HAL_TIM_PeriodElapsedCallback
                0x08001754       0x14 Drivers\STM32F4xx_HAL_Driver\Src\stm32f4xx_hal_timebase_tim_template.o
                0x08001754                HAL_TIM_PeriodElapsedCallback
 .text.TIM6_DAC_IRQHandler
                0x08001768       0x14 Drivers\STM32F4xx_HAL_Driver\Src\stm32f4xx_hal_timebase_tim_template.o
                0x08001768                TIM6_DAC_IRQHandler
 .text.SystemClock_Config
                0x0800177c       0xc0 src\main.o
 .text.main     0x0800183c       0x78 src\main.o
                0x0800183c                main
 .text.Reset_Handler
                0x080018b4       0x50 src\startup_stm32f446xx.o
                0x080018b4                Reset_Handler
 .text.Default_Handler
                0x08001904        0x2 src\startup_stm32f446xx.o
                0x08001904                RTC_Alarm_IRQHandler
                0x08001904                EXTI2_IRQHandler
                0x08001904                TIM8_CC_IRQHandler
                0x08001904                DebugMon_Handler
                0x08001904                SPI4_IRQHandler
                0x08001904                TIM1_CC_IRQHandler
                0x08001904                QuadSPI_IRQHandler
                0x08001904                DMA2_Stream5_IRQHandler
                0x08001904                HardFault_Handler
                0x08001904                DMA1_Stream5_IRQHandler
                0x08001904                SysTick_Handler
                0x08001904                PVD_IRQHandler
                0x08001904                SDIO_IRQHandler
                0x08001904                TAMP_STAMP_IRQHandler
                0x08001904                PendSV_Handler
                0x08001904                NMI_Handler
                0x08001904                CAN2_RX1_IRQHandler
                0x08001904                EXTI3_IRQHandler
                0x08001904                TIM8_TRG_COM_TIM14_IRQHandler
                0x08001904                TIM1_UP_TIM10_IRQHandler
                0x08001904                TIM8_UP_TIM13_IRQHandler
                0x08001904                I2C3_ER_IRQHandler
                0x08001904                FMPI2C1_Event_IRQHandler
                0x08001904                EXTI0_IRQHandler
                0x08001904                I2C2_EV_IRQHandler
                0x08001904                DMA1_Stream2_IRQHandler
                0x08001904                CAN1_RX0_IRQHandler
                0x08001904                FPU_IRQHandler
                0x08001904                OTG_HS_WKUP_IRQHandler
                0x08001904                UsageFault_Handler
                0x08001904                CAN2_SCE_IRQHandler
                0x08001904                DMA2_Stream2_IRQHandler
                0x08001904                SPI1_IRQHandler
                0x08001904                TIM1_BRK_TIM9_IRQHandler
                0x08001904                DCMI_IRQHandler
                0x08001904                CAN2_RX0_IRQHandler
                0x08001904                DMA2_Stream3_IRQHandler
                0x08001904                SAI2_IRQHandler
                0x08001904                USART6_IRQHandler
                0x08001904                USART3_IRQHandler
                0x08001904                CAN1_RX1_IRQHandler
                0x08001904                UART5_IRQHandler
                0x08001904                DMA2_Stream0_IRQHandler
                0x08001904                TIM4_IRQHandler
                0x08001904                I2C1_EV_IRQHandler
                0x08001904                DMA1_Stream6_IRQHandler
                0x08001904                DMA1_Stream1_IRQHandler
                0x08001904                UART4_IRQHandler
                0x08001904                TIM3_IRQHandler
                0x08001904                RCC_IRQHandler
                0x08001904                TIM8_BRK_TIM12_IRQHandler
                0x08001904                Default_Handler
                0x08001904                CEC_IRQHandler
                0x08001904                EXTI15_10_IRQHandler
                0x08001904                ADC_IRQHandler
                0x08001904                DMA1_Stream7_IRQHandler
                0x08001904                TIM7_IRQHandler
                0x08001904                CAN2_TX_IRQHandler
                0x08001904                TIM5_IRQHandler
                0x08001904                DMA2_Stream7_IRQHandler
                0x08001904                I2C3_EV_IRQHandler
                0x08001904                EXTI9_5_IRQHandler
                0x08001904                RTC_WKUP_IRQHandler
                0x08001904                SPDIF_RX_IRQHandler
                0x08001904                SPI2_IRQHandler
                0x08001904                OTG_HS_EP1_IN_IRQHandler
                0x08001904                MemManage_Handler
                0x08001904                DMA1_Stream0_IRQHandler
                0x08001904                CAN1_TX_IRQHandler
                0x08001904                SVC_Handler
                0x08001904                EXTI4_IRQHandler
                0x08001904                OTG_HS_EP1_OUT_IRQHandler
                0x08001904                WWDG_IRQHandler
                0x08001904                TIM2_IRQHandler
                0x08001904                OTG_FS_WKUP_IRQHandler
                0x08001904                TIM1_TRG_COM_TIM11_IRQHandler
                0x08001904                OTG_HS_IRQHandler
                0x08001904                EXTI1_IRQHandler
                0x08001904                USART2_IRQHandler
                0x08001904                I2C2_ER_IRQHandler
                0x08001904                DMA2_Stream1_IRQHandler
                0x08001904                CAN1_SCE_IRQHandler
                0x08001904                FLASH_IRQHandler
                0x08001904                DMA2_Stream4_IRQHandler
                0x08001904                BusFault_Handler
                0x08001904                USART1_IRQHandler
                0x08001904                OTG_FS_IRQHandler
                0x08001904                SPI3_IRQHandler
                0x08001904                DMA1_Stream4_IRQHandler
                0x08001904                I2C1_ER_IRQHandler
                0x08001904                FMC_IRQHandler
                0x08001904                DMA2_Stream6_IRQHandler
                0x08001904                SAI1_IRQHandler
                0x08001904                DMA1_Stream3_IRQHandler
                0x08001904                FMPI2C1_Error_IRQHandler
 *fill*         0x08001906        0x2 
 .text.SystemInit
                0x08001908       0x6c src\system_stm32f4xx.o
                0x08001908                SystemInit
 .text.__libc_init_array
                0x08001974       0x48 c:/program files (x86)/atollic/truestudio for stm32 9.3.0/armtools/bin/../lib/gcc/arm-atollic-eabi/6.3.1/../../../../arm-atollic-eabi/lib/armv7e-m/fpu\libc.a(lib_a-init.o)
                0x08001974                __libc_init_array
 .text.memset   0x080019bc       0x10 c:/program files (x86)/atollic/truestudio for stm32 9.3.0/armtools/bin/../lib/gcc/arm-atollic-eabi/6.3.1/../../../../arm-atollic-eabi/lib/armv7e-m/fpu\libc.a(lib_a-memset.o)
                0x080019bc                memset
 *(.glue_7)
 .glue_7        0x080019cc        0x0 linker stubs
 *(.glue_7t)
 .glue_7t       0x080019cc        0x0 linker stubs
 *(.eh_frame)
 .eh_frame      0x080019cc        0x0 c:/program files (x86)/atollic/truestudio for stm32 9.3.0/armtools/bin/../lib/gcc/arm-atollic-eabi/6.3.1/armv7e-m/fpu/crtbegin.o
 *(.init)
 .init          0x080019cc        0x4 c:/program files (x86)/atollic/truestudio for stm32 9.3.0/armtools/bin/../lib/gcc/arm-atollic-eabi/6.3.1/armv7e-m/fpu/crti.o
                0x080019cc                _init
 .init          0x080019d0        0x8 c:/program files (x86)/atollic/truestudio for stm32 9.3.0/armtools/bin/../lib/gcc/arm-atollic-eabi/6.3.1/armv7e-m/fpu/crtn.o
 *(.fini)
 .fini          0x080019d8        0x4 c:/program files (x86)/atollic/truestudio for stm32 9.3.0/armtools/bin/../lib/gcc/arm-atollic-eabi/6.3.1/armv7e-m/fpu/crti.o
                0x080019d8                _fini
 .fini          0x080019dc        0x8 c:/program files (x86)/atollic/truestudio for stm32 9.3.0/armtools/bin/../lib/gcc/arm-atollic-eabi/6.3.1/armv7e-m/fpu/crtn.o
                0x080019e4                . = ALIGN (0x4)
                0x080019e4                _etext = .

.vfp11_veneer   0x080019e4        0x0
 .vfp11_veneer  0x080019e4        0x0 linker stubs

.v4_bx          0x080019e4        0x0
 .v4_bx         0x080019e4        0x0 linker stubs

.iplt           0x080019e4        0x0
 .iplt          0x080019e4        0x0 c:/program files (x86)/atollic/truestudio for stm32 9.3.0/armtools/bin/../lib/gcc/arm-atollic-eabi/6.3.1/armv7e-m/fpu/crtbegin.o

.rel.dyn        0x080019e4        0x0
 .rel.iplt      0x080019e4        0x0 c:/program files (x86)/atollic/truestudio for stm32 9.3.0/armtools/bin/../lib/gcc/arm-atollic-eabi/6.3.1/armv7e-m/fpu/crtbegin.o

.rodata         0x080019e4        0x0
                0x080019e4                . = ALIGN (0x4)
 *(.rodata)
 *(.rodata*)
                0x080019e4                . = ALIGN (0x4)

.ARM.extab
 *(.ARM.extab* .gnu.linkonce.armextab.*)

.ARM            0x080019e4        0x0
                0x080019e4                __exidx_start = .
 *(.ARM.exidx*)
                0x080019e4                __exidx_end = .

.preinit_array  0x080019e4        0x0
                0x080019e4                PROVIDE (__preinit_array_start, .)
 *(.preinit_array*)
                0x080019e4                PROVIDE (__preinit_array_end, .)

.init_array     0x080019e4        0x4
                0x080019e4                PROVIDE (__init_array_start, .)
 *(SORT(.init_array.*))
 *(.init_array*)
 .init_array    0x080019e4        0x4 c:/program files (x86)/atollic/truestudio for stm32 9.3.0/armtools/bin/../lib/gcc/arm-atollic-eabi/6.3.1/armv7e-m/fpu/crtbegin.o
                0x080019e8                PROVIDE (__init_array_end, .)

.fini_array     0x080019e8        0x4
                [!provide]                PROVIDE (__fini_array_start, .)
 *(SORT(.fini_array.*))
 *(.fini_array*)
 .fini_array    0x080019e8        0x4 c:/program files (x86)/atollic/truestudio for stm32 9.3.0/armtools/bin/../lib/gcc/arm-atollic-eabi/6.3.1/armv7e-m/fpu/crtbegin.o
                [!provide]                PROVIDE (__fini_array_end, .)
                0x080019ec                _sidata = LOADADDR (.data)

.data           0x20000000       0x14 load address 0x080019ec
                0x20000000                . = ALIGN (0x4)
                0x20000000                _sdata = .
 *(.data)
 *(.data*)
 .data.SystemCoreClock
                0x20000000        0x4 src\system_stm32f4xx.o
                0x20000000                SystemCoreClock
 .data.AHBPrescTable
                0x20000004       0x10 src\system_stm32f4xx.o
                0x20000004                AHBPrescTable
                0x20000014                . = ALIGN (0x4)
                0x20000014                _edata = .

.igot.plt       0x20000014        0x0 load address 0x08001a00
 .igot.plt      0x20000014        0x0 c:/program files (x86)/atollic/truestudio for stm32 9.3.0/armtools/bin/../lib/gcc/arm-atollic-eabi/6.3.1/armv7e-m/fpu/crtbegin.o
                0x20000014                . = ALIGN (0x4)

.bss            0x20000014       0x5c load address 0x08001a00
                0x20000014                _sbss = .
                0x20000014                __bss_start__ = _sbss
 *(.bss)
 .bss           0x20000014       0x1c c:/program files (x86)/atollic/truestudio for stm32 9.3.0/armtools/bin/../lib/gcc/arm-atollic-eabi/6.3.1/armv7e-m/fpu/crtbegin.o
 *(.bss*)
 *(COMMON)
 COMMON         0x20000030        0x4 Drivers\STM32F4xx_HAL_Driver\Src\stm32f4xx_hal.o
                0x20000030                uwTick
 COMMON         0x20000034       0x3c Drivers\STM32F4xx_HAL_Driver\Src\stm32f4xx_hal_timebase_tim_template.o
                0x20000034                TimHandle
                0x20000070                . = ALIGN (0x4)
                0x20000070                _ebss = .
                0x20000070                __bss_end__ = _ebss

._user_heap_stack
                0x20000070      0x400 load address 0x08001a00
                0x20000070                . = ALIGN (0x4)
                [!provide]                PROVIDE (end, .)
                [!provide]                PROVIDE (_end, .)
                0x20000070                . = (. + _Min_Heap_Size)
                0x20000470                . = (. + _Min_Stack_Size)
 *fill*         0x20000070      0x400 
                0x20000470                . = ALIGN (0x4)

.memory_b1_text
 *(.mb1text)
 *(.mb1text*)
 *(.mb1rodata)
 *(.mb1rodata*)

/DISCARD/
 libc.a(*)
 libm.a(*)
 libgcc.a(*)

.ARM.attributes
                0x00000000       0x30
 *(.ARM.attributes)
 .ARM.attributes
                0x00000000       0x22 c:/program files (x86)/atollic/truestudio for stm32 9.3.0/armtools/bin/../lib/gcc/arm-atollic-eabi/6.3.1/armv7e-m/fpu/crti.o
 .ARM.attributes
                0x00000022       0x34 c:/program files (x86)/atollic/truestudio for stm32 9.3.0/armtools/bin/../lib/gcc/arm-atollic-eabi/6.3.1/armv7e-m/fpu/crtbegin.o
 .ARM.attributes
                0x00000056       0x39 Drivers\STM32F4xx_HAL_Driver\Src\stm32f4xx_hal.o
 .ARM.attributes
                0x0000008f       0x39 Drivers\STM32F4xx_HAL_Driver\Src\stm32f4xx_hal_cortex.o
 .ARM.attributes
                0x000000c8       0x39 Drivers\STM32F4xx_HAL_Driver\Src\stm32f4xx_hal_gpio.o
 .ARM.attributes
                0x00000101       0x39 Drivers\STM32F4xx_HAL_Driver\Src\stm32f4xx_hal_msp_template.o
 .ARM.attributes
                0x0000013a       0x39 Drivers\STM32F4xx_HAL_Driver\Src\stm32f4xx_hal_rcc.o
 .ARM.attributes
                0x00000173       0x39 Drivers\STM32F4xx_HAL_Driver\Src\stm32f4xx_hal_rcc_ex.o
 .ARM.attributes
                0x000001ac       0x39 Drivers\STM32F4xx_HAL_Driver\Src\stm32f4xx_hal_tim.o
 .ARM.attributes
                0x000001e5       0x39 Drivers\STM32F4xx_HAL_Driver\Src\stm32f4xx_hal_tim_ex.o
 .ARM.attributes
                0x0000021e       0x39 Drivers\STM32F4xx_HAL_Driver\Src\stm32f4xx_hal_timebase_tim_template.o
 .ARM.attributes
                0x00000257       0x39 src\main.o
 .ARM.attributes
                0x00000290       0x21 src\startup_stm32f446xx.o
 .ARM.attributes
                0x000002b1       0x39 src\system_stm32f4xx.o
 .ARM.attributes
                0x000002ea       0x34 c:/program files (x86)/atollic/truestudio for stm32 9.3.0/armtools/bin/../lib/gcc/arm-atollic-eabi/6.3.1/../../../../arm-atollic-eabi/lib/armv7e-m/fpu\libc.a(lib_a-init.o)
 .ARM.attributes
                0x0000031e       0x34 c:/program files (x86)/atollic/truestudio for stm32 9.3.0/armtools/bin/../lib/gcc/arm-atollic-eabi/6.3.1/../../../../arm-atollic-eabi/lib/armv7e-m/fpu\libc.a(lib_a-memset.o)
 .ARM.attributes
                0x00000352       0x22 c:/program files (x86)/atollic/truestudio for stm32 9.3.0/armtools/bin/../lib/gcc/arm-atollic-eabi/6.3.1/armv7e-m/fpu/crtn.o
OUTPUT(STM32F446_LED_Blink.elf elf32-littlearm)

.debug_info     0x00000000     0xe8ce
 .debug_info    0x00000000     0x11ef Drivers\STM32F4xx_HAL_Driver\Src\stm32f4xx_hal.o
 .debug_info    0x000011ef     0x1605 Drivers\STM32F4xx_HAL_Driver\Src\stm32f4xx_hal_cortex.o
 .debug_info    0x000027f4      0xfec Drivers\STM32F4xx_HAL_Driver\Src\stm32f4xx_hal_gpio.o
 .debug_info    0x000037e0      0x99b Drivers\STM32F4xx_HAL_Driver\Src\stm32f4xx_hal_msp_template.o
 .debug_info    0x0000417b     0x16b6 Drivers\STM32F4xx_HAL_Driver\Src\stm32f4xx_hal_rcc.o
 .debug_info    0x00005831     0x26e7 Drivers\STM32F4xx_HAL_Driver\Src\stm32f4xx_hal_rcc_ex.o
 .debug_info    0x00007f18     0x2a21 Drivers\STM32F4xx_HAL_Driver\Src\stm32f4xx_hal_tim.o
 .debug_info    0x0000a939     0x17fa Drivers\STM32F4xx_HAL_Driver\Src\stm32f4xx_hal_tim_ex.o
 .debug_info    0x0000c133     0x139f Drivers\STM32F4xx_HAL_Driver\Src\stm32f4xx_hal_timebase_tim_template.o
 .debug_info    0x0000d4d2      0xe41 src\main.o
 .debug_info    0x0000e313       0x8c src\startup_stm32f446xx.o
 .debug_info    0x0000e39f      0x52f src\system_stm32f4xx.o

.debug_abbrev   0x00000000     0x1a97
 .debug_abbrev  0x00000000      0x2f9 Drivers\STM32F4xx_HAL_Driver\Src\stm32f4xx_hal.o
 .debug_abbrev  0x000002f9      0x371 Drivers\STM32F4xx_HAL_Driver\Src\stm32f4xx_hal_cortex.o
 .debug_abbrev  0x0000066a      0x24c Drivers\STM32F4xx_HAL_Driver\Src\stm32f4xx_hal_gpio.o
 .debug_abbrev  0x000008b6      0x178 Drivers\STM32F4xx_HAL_Driver\Src\stm32f4xx_hal_msp_template.o
 .debug_abbrev  0x00000a2e      0x338 Drivers\STM32F4xx_HAL_Driver\Src\stm32f4xx_hal_rcc.o
 .debug_abbrev  0x00000d66      0x2d4 Drivers\STM32F4xx_HAL_Driver\Src\stm32f4xx_hal_rcc_ex.o
 .debug_abbrev  0x0000103a      0x2ab Drivers\STM32F4xx_HAL_Driver\Src\stm32f4xx_hal_tim.o
 .debug_abbrev  0x000012e5      0x288 Drivers\STM32F4xx_HAL_Driver\Src\stm32f4xx_hal_tim_ex.o
 .debug_abbrev  0x0000156d      0x239 Drivers\STM32F4xx_HAL_Driver\Src\stm32f4xx_hal_timebase_tim_template.o
 .debug_abbrev  0x000017a6      0x1d1 src\main.o
 .debug_abbrev  0x00001977       0x12 src\startup_stm32f446xx.o
 .debug_abbrev  0x00001989      0x10e src\system_stm32f4xx.o

.debug_aranges  0x00000000      0x8b0
 .debug_aranges
                0x00000000       0xc8 Drivers\STM32F4xx_HAL_Driver\Src\stm32f4xx_hal.o
 .debug_aranges
                0x000000c8      0x118 Drivers\STM32F4xx_HAL_Driver\Src\stm32f4xx_hal_cortex.o
 .debug_aranges
                0x000001e0       0x58 Drivers\STM32F4xx_HAL_Driver\Src\stm32f4xx_hal_gpio.o
 .debug_aranges
                0x00000238       0x38 Drivers\STM32F4xx_HAL_Driver\Src\stm32f4xx_hal_msp_template.o
 .debug_aranges
                0x00000270       0x88 Drivers\STM32F4xx_HAL_Driver\Src\stm32f4xx_hal_rcc.o
 .debug_aranges
                0x000002f8       0x58 Drivers\STM32F4xx_HAL_Driver\Src\stm32f4xx_hal_rcc_ex.o
 .debug_aranges
                0x00000350      0x368 Drivers\STM32F4xx_HAL_Driver\Src\stm32f4xx_hal_tim.o
 .debug_aranges
                0x000006b8      0x140 Drivers\STM32F4xx_HAL_Driver\Src\stm32f4xx_hal_tim_ex.o
 .debug_aranges
                0x000007f8       0x40 Drivers\STM32F4xx_HAL_Driver\Src\stm32f4xx_hal_timebase_tim_template.o
 .debug_aranges
                0x00000838       0x28 src\main.o
 .debug_aranges
                0x00000860       0x28 src\startup_stm32f446xx.o
 .debug_aranges
                0x00000888       0x28 src\system_stm32f4xx.o

.debug_ranges   0x00000000      0x7f8
 .debug_ranges  0x00000000       0xb8 Drivers\STM32F4xx_HAL_Driver\Src\stm32f4xx_hal.o
 .debug_ranges  0x000000b8      0x108 Drivers\STM32F4xx_HAL_Driver\Src\stm32f4xx_hal_cortex.o
 .debug_ranges  0x000001c0       0x48 Drivers\STM32F4xx_HAL_Driver\Src\stm32f4xx_hal_gpio.o
 .debug_ranges  0x00000208       0x28 Drivers\STM32F4xx_HAL_Driver\Src\stm32f4xx_hal_msp_template.o
 .debug_ranges  0x00000230       0x78 Drivers\STM32F4xx_HAL_Driver\Src\stm32f4xx_hal_rcc.o
 .debug_ranges  0x000002a8       0x48 Drivers\STM32F4xx_HAL_Driver\Src\stm32f4xx_hal_rcc_ex.o
 .debug_ranges  0x000002f0      0x358 Drivers\STM32F4xx_HAL_Driver\Src\stm32f4xx_hal_tim.o
 .debug_ranges  0x00000648      0x130 Drivers\STM32F4xx_HAL_Driver\Src\stm32f4xx_hal_tim_ex.o
 .debug_ranges  0x00000778       0x30 Drivers\STM32F4xx_HAL_Driver\Src\stm32f4xx_hal_timebase_tim_template.o
 .debug_ranges  0x000007a8       0x18 src\main.o
 .debug_ranges  0x000007c0       0x20 src\startup_stm32f446xx.o
 .debug_ranges  0x000007e0       0x18 src\system_stm32f4xx.o

.debug_line     0x00000000     0x4741
 .debug_line    0x00000000      0x472 Drivers\STM32F4xx_HAL_Driver\Src\stm32f4xx_hal.o
 .debug_line    0x00000472      0x5eb Drivers\STM32F4xx_HAL_Driver\Src\stm32f4xx_hal_cortex.o
 .debug_line    0x00000a5d      0x483 Drivers\STM32F4xx_HAL_Driver\Src\stm32f4xx_hal_gpio.o
 .debug_line    0x00000ee0      0x28b Drivers\STM32F4xx_HAL_Driver\Src\stm32f4xx_hal_msp_template.o
 .debug_line    0x0000116b      0x64d Drivers\STM32F4xx_HAL_Driver\Src\stm32f4xx_hal_rcc.o
 .debug_line    0x000017b8      0xa17 Drivers\STM32F4xx_HAL_Driver\Src\stm32f4xx_hal_rcc_ex.o
 .debug_line    0x000021cf     0x1464 Drivers\STM32F4xx_HAL_Driver\Src\stm32f4xx_hal_tim.o
 .debug_line    0x00003633      0x885 Drivers\STM32F4xx_HAL_Driver\Src\stm32f4xx_hal_tim_ex.o
 .debug_line    0x00003eb8      0x351 Drivers\STM32F4xx_HAL_Driver\Src\stm32f4xx_hal_timebase_tim_template.o
 .debug_line    0x00004209      0x2e5 src\main.o
 .debug_line    0x000044ee       0x7b src\startup_stm32f446xx.o
 .debug_line    0x00004569      0x1d8 src\system_stm32f4xx.o

.debug_str      0x00000000     0x31b9
 .debug_str     0x00000000      0xe8f Drivers\STM32F4xx_HAL_Driver\Src\stm32f4xx_hal.o
                                0xf4e (size before relaxing)
 .debug_str     0x00000e8f      0x40e Drivers\STM32F4xx_HAL_Driver\Src\stm32f4xx_hal_cortex.o
                               0x10db (size before relaxing)
 .debug_str     0x0000129d      0x1de Drivers\STM32F4xx_HAL_Driver\Src\stm32f4xx_hal_gpio.o
                                0x99b (size before relaxing)
 .debug_str     0x0000147b       0x63 Drivers\STM32F4xx_HAL_Driver\Src\stm32f4xx_hal_msp_template.o
                                0x6b1 (size before relaxing)
 .debug_str     0x000014de      0x2ca Drivers\STM32F4xx_HAL_Driver\Src\stm32f4xx_hal_rcc.o
                                0xb39 (size before relaxing)
 .debug_str     0x000017a8      0x2e1 Drivers\STM32F4xx_HAL_Driver\Src\stm32f4xx_hal_rcc_ex.o
                                0xbd6 (size before relaxing)
 .debug_str     0x00001a89     0x10df Drivers\STM32F4xx_HAL_Driver\Src\stm32f4xx_hal_tim.o
                               0x17e6 (size before relaxing)
 .debug_str     0x00002b68      0x543 Drivers\STM32F4xx_HAL_Driver\Src\stm32f4xx_hal_tim_ex.o
                               0x10a1 (size before relaxing)
 .debug_str     0x000030ab       0x9e Drivers\STM32F4xx_HAL_Driver\Src\stm32f4xx_hal_timebase_tim_template.o
                               0x122a (size before relaxing)
 .debug_str     0x00003149       0x2b src\main.o
                                0x8f3 (size before relaxing)
 .debug_str     0x00003174       0x45 src\system_stm32f4xx.o
                                0x3db (size before relaxing)

.comment        0x00000000       0x7c
 .comment       0x00000000       0x7c Drivers\STM32F4xx_HAL_Driver\Src\stm32f4xx_hal.o
                                 0x7d (size before relaxing)
 .comment       0x0000007c       0x7d Drivers\STM32F4xx_HAL_Driver\Src\stm32f4xx_hal_cortex.o
 .comment       0x0000007c       0x7d Drivers\STM32F4xx_HAL_Driver\Src\stm32f4xx_hal_gpio.o
 .comment       0x0000007c       0x7d Drivers\STM32F4xx_HAL_Driver\Src\stm32f4xx_hal_msp_template.o
 .comment       0x0000007c       0x7d Drivers\STM32F4xx_HAL_Driver\Src\stm32f4xx_hal_rcc.o
 .comment       0x0000007c       0x7d Drivers\STM32F4xx_HAL_Driver\Src\stm32f4xx_hal_rcc_ex.o
 .comment       0x0000007c       0x7d Drivers\STM32F4xx_HAL_Driver\Src\stm32f4xx_hal_tim.o
 .comment       0x0000007c       0x7d Drivers\STM32F4xx_HAL_Driver\Src\stm32f4xx_hal_tim_ex.o
 .comment       0x0000007c       0x7d Drivers\STM32F4xx_HAL_Driver\Src\stm32f4xx_hal_timebase_tim_template.o
 .comment       0x0000007c       0x7d src\main.o
 .comment       0x0000007c       0x7d src\system_stm32f4xx.o

.debug_frame    0x00000000     0x2378
 .debug_frame   0x00000000      0x2e8 Drivers\STM32F4xx_HAL_Driver\Src\stm32f4xx_hal.o
 .debug_frame   0x000002e8      0x498 Drivers\STM32F4xx_HAL_Driver\Src\stm32f4xx_hal_cortex.o
 .debug_frame   0x00000780      0x14c Drivers\STM32F4xx_HAL_Driver\Src\stm32f4xx_hal_gpio.o
 .debug_frame   0x000008cc       0x90 Drivers\STM32F4xx_HAL_Driver\Src\stm32f4xx_hal_msp_template.o
 .debug_frame   0x0000095c      0x200 Drivers\STM32F4xx_HAL_Driver\Src\stm32f4xx_hal_rcc.o
 .debug_frame   0x00000b5c      0x148 Drivers\STM32F4xx_HAL_Driver\Src\stm32f4xx_hal_rcc_ex.o
 .debug_frame   0x00000ca4      0xfb4 Drivers\STM32F4xx_HAL_Driver\Src\stm32f4xx_hal_tim.o
 .debug_frame   0x00001c58      0x574 Drivers\STM32F4xx_HAL_Driver\Src\stm32f4xx_hal_tim_ex.o
 .debug_frame   0x000021cc       0xb4 Drivers\STM32F4xx_HAL_Driver\Src\stm32f4xx_hal_timebase_tim_template.o
 .debug_frame   0x00002280       0x54 src\main.o
 .debug_frame   0x000022d4       0x58 src\system_stm32f4xx.o
 .debug_frame   0x0000232c       0x2c c:/program files (x86)/atollic/truestudio for stm32 9.3.0/armtools/bin/../lib/gcc/arm-atollic-eabi/6.3.1/../../../../arm-atollic-eabi/lib/armv7e-m/fpu\libc.a(lib_a-init.o)
 .debug_frame   0x00002358       0x20 c:/program files (x86)/atollic/truestudio for stm32 9.3.0/armtools/bin/../lib/gcc/arm-atollic-eabi/6.3.1/../../../../arm-atollic-eabi/lib/armv7e-m/fpu\libc.a(lib_a-memset.o)

.stabstr        0x00000000       0x3f
 .stabstr       0x00000000       0x3f c:/program files (x86)/atollic/truestudio for stm32 9.3.0/armtools/bin/../lib/gcc/arm-atollic-eabi/6.3.1/../../../../arm-atollic-eabi/lib/armv7e-m/fpu\libnosys.a(write.o)

Cross Reference Table

Symbol                                            File
ADC_IRQHandler                                    src\startup_stm32f446xx.o
AHBPrescTable                                     src\system_stm32f4xx.o
                                                  Drivers\STM32F4xx_HAL_Driver\Src\stm32f4xx_ll_utils.o
                                                  Drivers\STM32F4xx_HAL_Driver\Src\stm32f4xx_hal_rcc.o
BusFault_Handler                                  src\startup_stm32f446xx.o
CAN1_RX0_IRQHandler                               src\startup_stm32f446xx.o
CAN1_RX1_IRQHandler                               src\startup_stm32f446xx.o
CAN1_SCE_IRQHandler                               src\startup_stm32f446xx.o
CAN1_TX_IRQHandler                                src\startup_stm32f446xx.o
CAN2_RX0_IRQHandler                               src\startup_stm32f446xx.o
CAN2_RX1_IRQHandler                               src\startup_stm32f446xx.o
CAN2_SCE_IRQHandler                               src\startup_stm32f446xx.o
CAN2_TX_IRQHandler                                src\startup_stm32f446xx.o
CEC_IRQHandler                                    src\startup_stm32f446xx.o
DAC_DMAConvCpltCh2                                Drivers\STM32F4xx_HAL_Driver\Src\stm32f4xx_hal_dac_ex.o
                                                  Drivers\STM32F4xx_HAL_Driver\Src\stm32f4xx_hal_dac.o
DAC_DMAErrorCh2                                   Drivers\STM32F4xx_HAL_Driver\Src\stm32f4xx_hal_dac_ex.o
                                                  Drivers\STM32F4xx_HAL_Driver\Src\stm32f4xx_hal_dac.o
DAC_DMAHalfConvCpltCh2                            Drivers\STM32F4xx_HAL_Driver\Src\stm32f4xx_hal_dac_ex.o
                                                  Drivers\STM32F4xx_HAL_Driver\Src\stm32f4xx_hal_dac.o
DCMI_IRQHandler                                   src\startup_stm32f446xx.o
DMA1_Stream0_IRQHandler                           src\startup_stm32f446xx.o
DMA1_Stream1_IRQHandler                           src\startup_stm32f446xx.o
DMA1_Stream2_IRQHandler                           src\startup_stm32f446xx.o
DMA1_Stream3_IRQHandler                           src\startup_stm32f446xx.o
DMA1_Stream4_IRQHandler                           src\startup_stm32f446xx.o
DMA1_Stream5_IRQHandler                           src\startup_stm32f446xx.o
DMA1_Stream6_IRQHandler                           src\startup_stm32f446xx.o
DMA1_Stream7_IRQHandler                           src\startup_stm32f446xx.o
DMA2_Stream0_IRQHandler                           src\startup_stm32f446xx.o
DMA2_Stream1_IRQHandler                           src\startup_stm32f446xx.o
DMA2_Stream2_IRQHandler                           src\startup_stm32f446xx.o
DMA2_Stream3_IRQHandler                           src\startup_stm32f446xx.o
DMA2_Stream4_IRQHandler                           src\startup_stm32f446xx.o
DMA2_Stream5_IRQHandler                           src\startup_stm32f446xx.o
DMA2_Stream6_IRQHandler                           src\startup_stm32f446xx.o
DMA2_Stream7_IRQHandler                           src\startup_stm32f446xx.o
DebugMon_Handler                                  src\startup_stm32f446xx.o
Default_Handler                                   src\startup_stm32f446xx.o
EXTI0_IRQHandler                                  src\startup_stm32f446xx.o
EXTI15_10_IRQHandler                              src\startup_stm32f446xx.o
EXTI1_IRQHandler                                  src\startup_stm32f446xx.o
EXTI2_IRQHandler                                  src\startup_stm32f446xx.o
EXTI3_IRQHandler                                  src\startup_stm32f446xx.o
EXTI4_IRQHandler                                  src\startup_stm32f446xx.o
EXTI9_5_IRQHandler                                src\startup_stm32f446xx.o
FLASH_Erase_Sector                                Drivers\STM32F4xx_HAL_Driver\Src\stm32f4xx_hal_flash_ex.o
                                                  Drivers\STM32F4xx_HAL_Driver\Src\stm32f4xx_hal_flash.o
FLASH_FlushCaches                                 Drivers\STM32F4xx_HAL_Driver\Src\stm32f4xx_hal_flash_ex.o
                                                  Drivers\STM32F4xx_HAL_Driver\Src\stm32f4xx_hal_flash.o
FLASH_IRQHandler                                  src\startup_stm32f446xx.o
FLASH_WaitForLastOperation                        Drivers\STM32F4xx_HAL_Driver\Src\stm32f4xx_hal_flash.o
                                                  Drivers\STM32F4xx_HAL_Driver\Src\stm32f4xx_hal_flash_ex.o
FMC_IRQHandler                                    src\startup_stm32f446xx.o
FMC_NAND_AttributeSpace_Timing_Init               Drivers\STM32F4xx_HAL_Driver\Src\stm32f4xx_ll_fmc.o
                                                  Drivers\STM32F4xx_HAL_Driver\Src\stm32f4xx_hal_nand.o
FMC_NAND_CommonSpace_Timing_Init                  Drivers\STM32F4xx_HAL_Driver\Src\stm32f4xx_ll_fmc.o
                                                  Drivers\STM32F4xx_HAL_Driver\Src\stm32f4xx_hal_nand.o
FMC_NAND_DeInit                                   Drivers\STM32F4xx_HAL_Driver\Src\stm32f4xx_ll_fmc.o
                                                  Drivers\STM32F4xx_HAL_Driver\Src\stm32f4xx_hal_nand.o
FMC_NAND_ECC_Disable                              Drivers\STM32F4xx_HAL_Driver\Src\stm32f4xx_ll_fmc.o
                                                  Drivers\STM32F4xx_HAL_Driver\Src\stm32f4xx_hal_nand.o
FMC_NAND_ECC_Enable                               Drivers\STM32F4xx_HAL_Driver\Src\stm32f4xx_ll_fmc.o
                                                  Drivers\STM32F4xx_HAL_Driver\Src\stm32f4xx_hal_nand.o
FMC_NAND_GetECC                                   Drivers\STM32F4xx_HAL_Driver\Src\stm32f4xx_ll_fmc.o
                                                  Drivers\STM32F4xx_HAL_Driver\Src\stm32f4xx_hal_nand.o
FMC_NAND_Init                                     Drivers\STM32F4xx_HAL_Driver\Src\stm32f4xx_ll_fmc.o
                                                  Drivers\STM32F4xx_HAL_Driver\Src\stm32f4xx_hal_nand.o
FMC_NORSRAM_DeInit                                Drivers\STM32F4xx_HAL_Driver\Src\stm32f4xx_ll_fmc.o
                                                  Drivers\STM32F4xx_HAL_Driver\Src\stm32f4xx_hal_sram.o
                                                  Drivers\STM32F4xx_HAL_Driver\Src\stm32f4xx_hal_nor.o
FMC_NORSRAM_Extended_Timing_Init                  Drivers\STM32F4xx_HAL_Driver\Src\stm32f4xx_ll_fmc.o
                                                  Drivers\STM32F4xx_HAL_Driver\Src\stm32f4xx_hal_sram.o
                                                  Drivers\STM32F4xx_HAL_Driver\Src\stm32f4xx_hal_nor.o
FMC_NORSRAM_Init                                  Drivers\STM32F4xx_HAL_Driver\Src\stm32f4xx_ll_fmc.o
                                                  Drivers\STM32F4xx_HAL_Driver\Src\stm32f4xx_hal_sram.o
                                                  Drivers\STM32F4xx_HAL_Driver\Src\stm32f4xx_hal_nor.o
FMC_NORSRAM_Timing_Init                           Drivers\STM32F4xx_HAL_Driver\Src\stm32f4xx_ll_fmc.o
                                                  Drivers\STM32F4xx_HAL_Driver\Src\stm32f4xx_hal_sram.o
                                                  Drivers\STM32F4xx_HAL_Driver\Src\stm32f4xx_hal_nor.o
FMC_NORSRAM_WriteOperation_Disable                Drivers\STM32F4xx_HAL_Driver\Src\stm32f4xx_ll_fmc.o
                                                  Drivers\STM32F4xx_HAL_Driver\Src\stm32f4xx_hal_sram.o
                                                  Drivers\STM32F4xx_HAL_Driver\Src\stm32f4xx_hal_nor.o
FMC_NORSRAM_WriteOperation_Enable                 Drivers\STM32F4xx_HAL_Driver\Src\stm32f4xx_ll_fmc.o
                                                  Drivers\STM32F4xx_HAL_Driver\Src\stm32f4xx_hal_sram.o
                                                  Drivers\STM32F4xx_HAL_Driver\Src\stm32f4xx_hal_nor.o
FMC_SDRAM_DeInit                                  Drivers\STM32F4xx_HAL_Driver\Src\stm32f4xx_ll_fmc.o
                                                  Drivers\STM32F4xx_HAL_Driver\Src\stm32f4xx_hal_sdram.o
FMC_SDRAM_GetModeStatus                           Drivers\STM32F4xx_HAL_Driver\Src\stm32f4xx_ll_fmc.o
                                                  Drivers\STM32F4xx_HAL_Driver\Src\stm32f4xx_hal_sdram.o
FMC_SDRAM_Init                                    Drivers\STM32F4xx_HAL_Driver\Src\stm32f4xx_ll_fmc.o
                                                  Drivers\STM32F4xx_HAL_Driver\Src\stm32f4xx_hal_sdram.o
FMC_SDRAM_ProgramRefreshRate                      Drivers\STM32F4xx_HAL_Driver\Src\stm32f4xx_ll_fmc.o
                                                  Drivers\STM32F4xx_HAL_Driver\Src\stm32f4xx_hal_sdram.o
FMC_SDRAM_SendCommand                             Drivers\STM32F4xx_HAL_Driver\Src\stm32f4xx_ll_fmc.o
                                                  Drivers\STM32F4xx_HAL_Driver\Src\stm32f4xx_hal_sdram.o
FMC_SDRAM_SetAutoRefreshNumber                    Drivers\STM32F4xx_HAL_Driver\Src\stm32f4xx_ll_fmc.o
                                                  Drivers\STM32F4xx_HAL_Driver\Src\stm32f4xx_hal_sdram.o
FMC_SDRAM_Timing_Init                             Drivers\STM32F4xx_HAL_Driver\Src\stm32f4xx_ll_fmc.o
                                                  Drivers\STM32F4xx_HAL_Driver\Src\stm32f4xx_hal_sdram.o
FMC_SDRAM_WriteProtection_Disable                 Drivers\STM32F4xx_HAL_Driver\Src\stm32f4xx_ll_fmc.o
                                                  Drivers\STM32F4xx_HAL_Driver\Src\stm32f4xx_hal_sdram.o
FMC_SDRAM_WriteProtection_Enable                  Drivers\STM32F4xx_HAL_Driver\Src\stm32f4xx_ll_fmc.o
                                                  Drivers\STM32F4xx_HAL_Driver\Src\stm32f4xx_hal_sdram.o
FMPI2C1_Error_IRQHandler                          src\startup_stm32f446xx.o
FMPI2C1_Event_IRQHandler                          src\startup_stm32f446xx.o
FPU_IRQHandler                                    src\startup_stm32f446xx.o
HAL_ADCEx_InjectedConfigChannel                   Drivers\STM32F4xx_HAL_Driver\Src\stm32f4xx_hal_adc_ex.o
HAL_ADCEx_InjectedConvCpltCallback                Drivers\STM32F4xx_HAL_Driver\Src\stm32f4xx_hal_adc_ex.o
                                                  Drivers\STM32F4xx_HAL_Driver\Src\stm32f4xx_hal_adc.o
HAL_ADCEx_InjectedGetValue                        Drivers\STM32F4xx_HAL_Driver\Src\stm32f4xx_hal_adc_ex.o
HAL_ADCEx_InjectedPollForConversion               Drivers\STM32F4xx_HAL_Driver\Src\stm32f4xx_hal_adc_ex.o
HAL_ADCEx_InjectedStart                           Drivers\STM32F4xx_HAL_Driver\Src\stm32f4xx_hal_adc_ex.o
HAL_ADCEx_InjectedStart_IT                        Drivers\STM32F4xx_HAL_Driver\Src\stm32f4xx_hal_adc_ex.o
HAL_ADCEx_InjectedStop                            Drivers\STM32F4xx_HAL_Driver\Src\stm32f4xx_hal_adc_ex.o
HAL_ADCEx_InjectedStop_IT                         Drivers\STM32F4xx_HAL_Driver\Src\stm32f4xx_hal_adc_ex.o
HAL_ADCEx_MultiModeConfigChannel                  Drivers\STM32F4xx_HAL_Driver\Src\stm32f4xx_hal_adc_ex.o
HAL_ADCEx_MultiModeGetValue                       Drivers\STM32F4xx_HAL_Driver\Src\stm32f4xx_hal_adc_ex.o
HAL_ADCEx_MultiModeStart_DMA                      Drivers\STM32F4xx_HAL_Driver\Src\stm32f4xx_hal_adc_ex.o
HAL_ADCEx_MultiModeStop_DMA                       Drivers\STM32F4xx_HAL_Driver\Src\stm32f4xx_hal_adc_ex.o
HAL_ADC_AnalogWDGConfig                           Drivers\STM32F4xx_HAL_Driver\Src\stm32f4xx_hal_adc.o
HAL_ADC_ConfigChannel                             Drivers\STM32F4xx_HAL_Driver\Src\stm32f4xx_hal_adc.o
HAL_ADC_ConvCpltCallback                          Drivers\STM32F4xx_HAL_Driver\Src\stm32f4xx_hal_adc.o
                                                  Drivers\STM32F4xx_HAL_Driver\Src\stm32f4xx_hal_adc_ex.o
HAL_ADC_ConvHalfCpltCallback                      Drivers\STM32F4xx_HAL_Driver\Src\stm32f4xx_hal_adc.o
                                                  Drivers\STM32F4xx_HAL_Driver\Src\stm32f4xx_hal_adc_ex.o
HAL_ADC_DeInit                                    Drivers\STM32F4xx_HAL_Driver\Src\stm32f4xx_hal_adc.o
HAL_ADC_ErrorCallback                             Drivers\STM32F4xx_HAL_Driver\Src\stm32f4xx_hal_adc.o
                                                  Drivers\STM32F4xx_HAL_Driver\Src\stm32f4xx_hal_adc_ex.o
HAL_ADC_GetError                                  Drivers\STM32F4xx_HAL_Driver\Src\stm32f4xx_hal_adc.o
HAL_ADC_GetState                                  Drivers\STM32F4xx_HAL_Driver\Src\stm32f4xx_hal_adc.o
HAL_ADC_GetValue                                  Drivers\STM32F4xx_HAL_Driver\Src\stm32f4xx_hal_adc.o
HAL_ADC_IRQHandler                                Drivers\STM32F4xx_HAL_Driver\Src\stm32f4xx_hal_adc.o
HAL_ADC_Init                                      Drivers\STM32F4xx_HAL_Driver\Src\stm32f4xx_hal_adc.o
HAL_ADC_LevelOutOfWindowCallback                  Drivers\STM32F4xx_HAL_Driver\Src\stm32f4xx_hal_adc.o
HAL_ADC_MspDeInit                                 Drivers\STM32F4xx_HAL_Driver\Src\stm32f4xx_hal_adc.o
HAL_ADC_MspInit                                   Drivers\STM32F4xx_HAL_Driver\Src\stm32f4xx_hal_adc.o
HAL_ADC_PollForConversion                         Drivers\STM32F4xx_HAL_Driver\Src\stm32f4xx_hal_adc.o
HAL_ADC_PollForEvent                              Drivers\STM32F4xx_HAL_Driver\Src\stm32f4xx_hal_adc.o
HAL_ADC_Start                                     Drivers\STM32F4xx_HAL_Driver\Src\stm32f4xx_hal_adc.o
HAL_ADC_Start_DMA                                 Drivers\STM32F4xx_HAL_Driver\Src\stm32f4xx_hal_adc.o
HAL_ADC_Start_IT                                  Drivers\STM32F4xx_HAL_Driver\Src\stm32f4xx_hal_adc.o
HAL_ADC_Stop                                      Drivers\STM32F4xx_HAL_Driver\Src\stm32f4xx_hal_adc.o
HAL_ADC_Stop_DMA                                  Drivers\STM32F4xx_HAL_Driver\Src\stm32f4xx_hal_adc.o
HAL_ADC_Stop_IT                                   Drivers\STM32F4xx_HAL_Driver\Src\stm32f4xx_hal_adc.o
HAL_CAN_ConfigFilter                              Drivers\STM32F4xx_HAL_Driver\Src\stm32f4xx_hal_can.o
HAL_CAN_DeInit                                    Drivers\STM32F4xx_HAL_Driver\Src\stm32f4xx_hal_can.o
HAL_CAN_ErrorCallback                             Drivers\STM32F4xx_HAL_Driver\Src\stm32f4xx_hal_can.o
HAL_CAN_GetError                                  Drivers\STM32F4xx_HAL_Driver\Src\stm32f4xx_hal_can.o
HAL_CAN_GetState                                  Drivers\STM32F4xx_HAL_Driver\Src\stm32f4xx_hal_can.o
HAL_CAN_IRQHandler                                Drivers\STM32F4xx_HAL_Driver\Src\stm32f4xx_hal_can.o
HAL_CAN_Init                                      Drivers\STM32F4xx_HAL_Driver\Src\stm32f4xx_hal_can.o
HAL_CAN_MspDeInit                                 Drivers\STM32F4xx_HAL_Driver\Src\stm32f4xx_hal_can.o
HAL_CAN_MspInit                                   Drivers\STM32F4xx_HAL_Driver\Src\stm32f4xx_hal_can.o
HAL_CAN_Receive                                   Drivers\STM32F4xx_HAL_Driver\Src\stm32f4xx_hal_can.o
HAL_CAN_Receive_IT                                Drivers\STM32F4xx_HAL_Driver\Src\stm32f4xx_hal_can.o
HAL_CAN_RxCpltCallback                            Drivers\STM32F4xx_HAL_Driver\Src\stm32f4xx_hal_can.o
HAL_CAN_Sleep                                     Drivers\STM32F4xx_HAL_Driver\Src\stm32f4xx_hal_can.o
HAL_CAN_Transmit                                  Drivers\STM32F4xx_HAL_Driver\Src\stm32f4xx_hal_can.o
HAL_CAN_Transmit_IT                               Drivers\STM32F4xx_HAL_Driver\Src\stm32f4xx_hal_can.o
HAL_CAN_TxCpltCallback                            Drivers\STM32F4xx_HAL_Driver\Src\stm32f4xx_hal_can.o
HAL_CAN_WakeUp                                    Drivers\STM32F4xx_HAL_Driver\Src\stm32f4xx_hal_can.o
HAL_CEC_ChangeRxBuffer                            Drivers\STM32F4xx_HAL_Driver\Src\stm32f4xx_hal_cec.o
HAL_CEC_DeInit                                    Drivers\STM32F4xx_HAL_Driver\Src\stm32f4xx_hal_cec.o
HAL_CEC_ErrorCallback                             Drivers\STM32F4xx_HAL_Driver\Src\stm32f4xx_hal_cec.o
HAL_CEC_GetError                                  Drivers\STM32F4xx_HAL_Driver\Src\stm32f4xx_hal_cec.o
HAL_CEC_GetLastReceivedFrameSize                  Drivers\STM32F4xx_HAL_Driver\Src\stm32f4xx_hal_cec.o
HAL_CEC_GetState                                  Drivers\STM32F4xx_HAL_Driver\Src\stm32f4xx_hal_cec.o
HAL_CEC_IRQHandler                                Drivers\STM32F4xx_HAL_Driver\Src\stm32f4xx_hal_cec.o
HAL_CEC_Init                                      Drivers\STM32F4xx_HAL_Driver\Src\stm32f4xx_hal_cec.o
HAL_CEC_MspDeInit                                 Drivers\STM32F4xx_HAL_Driver\Src\stm32f4xx_hal_cec.o
HAL_CEC_MspInit                                   Drivers\STM32F4xx_HAL_Driver\Src\stm32f4xx_hal_cec.o
HAL_CEC_RxCpltCallback                            Drivers\STM32F4xx_HAL_Driver\Src\stm32f4xx_hal_cec.o
HAL_CEC_SetDeviceAddress                          Drivers\STM32F4xx_HAL_Driver\Src\stm32f4xx_hal_cec.o
HAL_CEC_Transmit_IT                               Drivers\STM32F4xx_HAL_Driver\Src\stm32f4xx_hal_cec.o
HAL_CEC_TxCpltCallback                            Drivers\STM32F4xx_HAL_Driver\Src\stm32f4xx_hal_cec.o
HAL_CRC_Accumulate                                Drivers\STM32F4xx_HAL_Driver\Src\stm32f4xx_hal_crc.o
HAL_CRC_Calculate                                 Drivers\STM32F4xx_HAL_Driver\Src\stm32f4xx_hal_crc.o
HAL_CRC_DeInit                                    Drivers\STM32F4xx_HAL_Driver\Src\stm32f4xx_hal_crc.o
HAL_CRC_GetState                                  Drivers\STM32F4xx_HAL_Driver\Src\stm32f4xx_hal_crc.o
HAL_CRC_Init                                      Drivers\STM32F4xx_HAL_Driver\Src\stm32f4xx_hal_crc.o
HAL_CRC_MspDeInit                                 Drivers\STM32F4xx_HAL_Driver\Src\stm32f4xx_hal_crc.o
HAL_CRC_MspInit                                   Drivers\STM32F4xx_HAL_Driver\Src\stm32f4xx_hal_crc.o
HAL_DACEx_ConvCpltCallbackCh2                     Drivers\STM32F4xx_HAL_Driver\Src\stm32f4xx_hal_dac_ex.o
HAL_DACEx_ConvHalfCpltCallbackCh2                 Drivers\STM32F4xx_HAL_Driver\Src\stm32f4xx_hal_dac_ex.o
HAL_DACEx_DMAUnderrunCallbackCh2                  Drivers\STM32F4xx_HAL_Driver\Src\stm32f4xx_hal_dac_ex.o
                                                  Drivers\STM32F4xx_HAL_Driver\Src\stm32f4xx_hal_dac.o
HAL_DACEx_DualGetValue                            Drivers\STM32F4xx_HAL_Driver\Src\stm32f4xx_hal_dac_ex.o
HAL_DACEx_DualSetValue                            Drivers\STM32F4xx_HAL_Driver\Src\stm32f4xx_hal_dac_ex.o
HAL_DACEx_ErrorCallbackCh2                        Drivers\STM32F4xx_HAL_Driver\Src\stm32f4xx_hal_dac_ex.o
HAL_DACEx_NoiseWaveGenerate                       Drivers\STM32F4xx_HAL_Driver\Src\stm32f4xx_hal_dac_ex.o
HAL_DACEx_TriangleWaveGenerate                    Drivers\STM32F4xx_HAL_Driver\Src\stm32f4xx_hal_dac_ex.o
HAL_DAC_ConfigChannel                             Drivers\STM32F4xx_HAL_Driver\Src\stm32f4xx_hal_dac.o
HAL_DAC_ConvCpltCallbackCh1                       Drivers\STM32F4xx_HAL_Driver\Src\stm32f4xx_hal_dac.o
HAL_DAC_ConvHalfCpltCallbackCh1                   Drivers\STM32F4xx_HAL_Driver\Src\stm32f4xx_hal_dac.o
HAL_DAC_DMAUnderrunCallbackCh1                    Drivers\STM32F4xx_HAL_Driver\Src\stm32f4xx_hal_dac.o
HAL_DAC_DeInit                                    Drivers\STM32F4xx_HAL_Driver\Src\stm32f4xx_hal_dac.o
HAL_DAC_ErrorCallbackCh1                          Drivers\STM32F4xx_HAL_Driver\Src\stm32f4xx_hal_dac.o
HAL_DAC_GetError                                  Drivers\STM32F4xx_HAL_Driver\Src\stm32f4xx_hal_dac.o
HAL_DAC_GetState                                  Drivers\STM32F4xx_HAL_Driver\Src\stm32f4xx_hal_dac.o
HAL_DAC_GetValue                                  Drivers\STM32F4xx_HAL_Driver\Src\stm32f4xx_hal_dac.o
HAL_DAC_IRQHandler                                Drivers\STM32F4xx_HAL_Driver\Src\stm32f4xx_hal_dac.o
HAL_DAC_Init                                      Drivers\STM32F4xx_HAL_Driver\Src\stm32f4xx_hal_dac.o
HAL_DAC_MspDeInit                                 Drivers\STM32F4xx_HAL_Driver\Src\stm32f4xx_hal_dac.o
HAL_DAC_MspInit                                   Drivers\STM32F4xx_HAL_Driver\Src\stm32f4xx_hal_dac.o
HAL_DAC_SetValue                                  Drivers\STM32F4xx_HAL_Driver\Src\stm32f4xx_hal_dac.o
HAL_DAC_Start                                     Drivers\STM32F4xx_HAL_Driver\Src\stm32f4xx_hal_dac.o
HAL_DAC_Start_DMA                                 Drivers\STM32F4xx_HAL_Driver\Src\stm32f4xx_hal_dac.o
HAL_DAC_Stop                                      Drivers\STM32F4xx_HAL_Driver\Src\stm32f4xx_hal_dac.o
HAL_DAC_Stop_DMA                                  Drivers\STM32F4xx_HAL_Driver\Src\stm32f4xx_hal_dac.o
HAL_DBGMCU_DisableDBGSleepMode                    Drivers\STM32F4xx_HAL_Driver\Src\stm32f4xx_hal.o
HAL_DBGMCU_DisableDBGStandbyMode                  Drivers\STM32F4xx_HAL_Driver\Src\stm32f4xx_hal.o
HAL_DBGMCU_DisableDBGStopMode                     Drivers\STM32F4xx_HAL_Driver\Src\stm32f4xx_hal.o
HAL_DBGMCU_EnableDBGSleepMode                     Drivers\STM32F4xx_HAL_Driver\Src\stm32f4xx_hal.o
HAL_DBGMCU_EnableDBGStandbyMode                   Drivers\STM32F4xx_HAL_Driver\Src\stm32f4xx_hal.o
HAL_DBGMCU_EnableDBGStopMode                      Drivers\STM32F4xx_HAL_Driver\Src\stm32f4xx_hal.o
HAL_DCMI_ConfigCrop                               Drivers\STM32F4xx_HAL_Driver\Src\stm32f4xx_hal_dcmi.o
HAL_DCMI_DeInit                                   Drivers\STM32F4xx_HAL_Driver\Src\stm32f4xx_hal_dcmi.o
HAL_DCMI_DisableCrop                              Drivers\STM32F4xx_HAL_Driver\Src\stm32f4xx_hal_dcmi.o
HAL_DCMI_EnableCrop                               Drivers\STM32F4xx_HAL_Driver\Src\stm32f4xx_hal_dcmi.o
HAL_DCMI_ErrorCallback                            Drivers\STM32F4xx_HAL_Driver\Src\stm32f4xx_hal_dcmi.o
HAL_DCMI_FrameEventCallback                       Drivers\STM32F4xx_HAL_Driver\Src\stm32f4xx_hal_dcmi.o
HAL_DCMI_GetError                                 Drivers\STM32F4xx_HAL_Driver\Src\stm32f4xx_hal_dcmi.o
HAL_DCMI_GetState                                 Drivers\STM32F4xx_HAL_Driver\Src\stm32f4xx_hal_dcmi.o
HAL_DCMI_IRQHandler                               Drivers\STM32F4xx_HAL_Driver\Src\stm32f4xx_hal_dcmi.o
HAL_DCMI_Init                                     Drivers\STM32F4xx_HAL_Driver\Src\stm32f4xx_hal_dcmi_ex.o
                                                  Drivers\STM32F4xx_HAL_Driver\Src\stm32f4xx_hal_dcmi.o
HAL_DCMI_LineEventCallback                        Drivers\STM32F4xx_HAL_Driver\Src\stm32f4xx_hal_dcmi.o
HAL_DCMI_MspDeInit                                Drivers\STM32F4xx_HAL_Driver\Src\stm32f4xx_hal_dcmi.o
HAL_DCMI_MspInit                                  Drivers\STM32F4xx_HAL_Driver\Src\stm32f4xx_hal_dcmi.o
                                                  Drivers\STM32F4xx_HAL_Driver\Src\stm32f4xx_hal_dcmi_ex.o
HAL_DCMI_Resume                                   Drivers\STM32F4xx_HAL_Driver\Src\stm32f4xx_hal_dcmi.o
HAL_DCMI_Start_DMA                                Drivers\STM32F4xx_HAL_Driver\Src\stm32f4xx_hal_dcmi.o
HAL_DCMI_Stop                                     Drivers\STM32F4xx_HAL_Driver\Src\stm32f4xx_hal_dcmi.o
HAL_DCMI_Suspend                                  Drivers\STM32F4xx_HAL_Driver\Src\stm32f4xx_hal_dcmi.o
HAL_DCMI_VsyncEventCallback                       Drivers\STM32F4xx_HAL_Driver\Src\stm32f4xx_hal_dcmi.o
HAL_DMAEx_ChangeMemory                            Drivers\STM32F4xx_HAL_Driver\Src\stm32f4xx_hal_dma_ex.o
                                                  Drivers\STM32F4xx_HAL_Driver\Src\stm32f4xx_hal_dcmi.o
HAL_DMAEx_MultiBufferStart                        Drivers\STM32F4xx_HAL_Driver\Src\stm32f4xx_hal_dma_ex.o
HAL_DMAEx_MultiBufferStart_IT                     Drivers\STM32F4xx_HAL_Driver\Src\stm32f4xx_hal_dma_ex.o
                                                  Drivers\STM32F4xx_HAL_Driver\Src\stm32f4xx_hal_dcmi.o
HAL_DMA_Abort                                     Drivers\STM32F4xx_HAL_Driver\Src\stm32f4xx_hal_dma.o
                                                  Drivers\STM32F4xx_HAL_Driver\Src\stm32f4xx_hal_usart.o
                                                  Drivers\STM32F4xx_HAL_Driver\Src\stm32f4xx_hal_uart.o
                                                  Drivers\STM32F4xx_HAL_Driver\Src\stm32f4xx_hal_tim.o
                                                  Drivers\STM32F4xx_HAL_Driver\Src\stm32f4xx_hal_spi.o
                                                  Drivers\STM32F4xx_HAL_Driver\Src\stm32f4xx_hal_smartcard.o
                                                  Drivers\STM32F4xx_HAL_Driver\Src\stm32f4xx_hal_sd.o
                                                  Drivers\STM32F4xx_HAL_Driver\Src\stm32f4xx_hal_sai.o
                                                  Drivers\STM32F4xx_HAL_Driver\Src\stm32f4xx_hal_qspi.o
                                                  Drivers\STM32F4xx_HAL_Driver\Src\stm32f4xx_hal_mmc.o
                                                  Drivers\STM32F4xx_HAL_Driver\Src\stm32f4xx_hal_irda.o
                                                  Drivers\STM32F4xx_HAL_Driver\Src\stm32f4xx_hal_i2s.o
                                                  Drivers\STM32F4xx_HAL_Driver\Src\stm32f4xx_hal_dcmi.o
                                                  Drivers\STM32F4xx_HAL_Driver\Src\stm32f4xx_hal_dac.o
                                                  Drivers\STM32F4xx_HAL_Driver\Src\stm32f4xx_hal_adc_ex.o
                                                  Drivers\STM32F4xx_HAL_Driver\Src\stm32f4xx_hal_adc.o
HAL_DMA_Abort_IT                                  Drivers\STM32F4xx_HAL_Driver\Src\stm32f4xx_hal_dma.o
                                                  Drivers\STM32F4xx_HAL_Driver\Src\stm32f4xx_hal_usart.o
                                                  Drivers\STM32F4xx_HAL_Driver\Src\stm32f4xx_hal_uart.o
                                                  Drivers\STM32F4xx_HAL_Driver\Src\stm32f4xx_hal_spi.o
                                                  Drivers\STM32F4xx_HAL_Driver\Src\stm32f4xx_hal_smartcard.o
                                                  Drivers\STM32F4xx_HAL_Driver\Src\stm32f4xx_hal_sd.o
                                                  Drivers\STM32F4xx_HAL_Driver\Src\stm32f4xx_hal_sai.o
                                                  Drivers\STM32F4xx_HAL_Driver\Src\stm32f4xx_hal_qspi.o
                                                  Drivers\STM32F4xx_HAL_Driver\Src\stm32f4xx_hal_mmc.o
                                                  Drivers\STM32F4xx_HAL_Driver\Src\stm32f4xx_hal_irda.o
                                                  Drivers\STM32F4xx_HAL_Driver\Src\stm32f4xx_hal_i2c.o
                                                  Drivers\STM32F4xx_HAL_Driver\Src\stm32f4xx_hal_fmpi2c.o
                                                  Drivers\STM32F4xx_HAL_Driver\Src\stm32f4xx_hal_dcmi.o
HAL_DMA_DeInit                                    Drivers\STM32F4xx_HAL_Driver\Src\stm32f4xx_hal_dma.o
HAL_DMA_GetError                                  Drivers\STM32F4xx_HAL_Driver\Src\stm32f4xx_hal_dma.o
                                                  Drivers\STM32F4xx_HAL_Driver\Src\stm32f4xx_hal_qspi.o
                                                  Drivers\STM32F4xx_HAL_Driver\Src\stm32f4xx_hal_i2c.o
HAL_DMA_GetState                                  Drivers\STM32F4xx_HAL_Driver\Src\stm32f4xx_hal_dma.o
HAL_DMA_IRQHandler                                Drivers\STM32F4xx_HAL_Driver\Src\stm32f4xx_hal_dma.o
HAL_DMA_Init                                      Drivers\STM32F4xx_HAL_Driver\Src\stm32f4xx_hal_dma.o
HAL_DMA_PollForTransfer                           Drivers\STM32F4xx_HAL_Driver\Src\stm32f4xx_hal_dma.o
HAL_DMA_RegisterCallback                          Drivers\STM32F4xx_HAL_Driver\Src\stm32f4xx_hal_dma.o
HAL_DMA_Start                                     Drivers\STM32F4xx_HAL_Driver\Src\stm32f4xx_hal_dma.o
HAL_DMA_Start_IT                                  Drivers\STM32F4xx_HAL_Driver\Src\stm32f4xx_hal_dma.o
                                                  Drivers\STM32F4xx_HAL_Driver\Src\stm32f4xx_hal_usart.o
                                                  Drivers\STM32F4xx_HAL_Driver\Src\stm32f4xx_hal_uart.o
                                                  Drivers\STM32F4xx_HAL_Driver\Src\stm32f4xx_hal_tim_ex.o
                                                  Drivers\STM32F4xx_HAL_Driver\Src\stm32f4xx_hal_tim.o
                                                  Drivers\STM32F4xx_HAL_Driver\Src\stm32f4xx_hal_sram.o
                                                  Drivers\STM32F4xx_HAL_Driver\Src\stm32f4xx_hal_spi.o
                                                  Drivers\STM32F4xx_HAL_Driver\Src\stm32f4xx_hal_spdifrx.o
                                                  Drivers\STM32F4xx_HAL_Driver\Src\stm32f4xx_hal_smartcard.o
                                                  Drivers\STM32F4xx_HAL_Driver\Src\stm32f4xx_hal_sdram.o
                                                  Drivers\STM32F4xx_HAL_Driver\Src\stm32f4xx_hal_sd.o
                                                  Drivers\STM32F4xx_HAL_Driver\Src\stm32f4xx_hal_sai.o
                                                  Drivers\STM32F4xx_HAL_Driver\Src\stm32f4xx_hal_qspi.o
                                                  Drivers\STM32F4xx_HAL_Driver\Src\stm32f4xx_hal_mmc.o
                                                  Drivers\STM32F4xx_HAL_Driver\Src\stm32f4xx_hal_irda.o
                                                  Drivers\STM32F4xx_HAL_Driver\Src\stm32f4xx_hal_i2s.o
                                                  Drivers\STM32F4xx_HAL_Driver\Src\stm32f4xx_hal_i2c.o
                                                  Drivers\STM32F4xx_HAL_Driver\Src\stm32f4xx_hal_fmpi2c.o
                                                  Drivers\STM32F4xx_HAL_Driver\Src\stm32f4xx_hal_dcmi.o
                                                  Drivers\STM32F4xx_HAL_Driver\Src\stm32f4xx_hal_dac.o
                                                  Drivers\STM32F4xx_HAL_Driver\Src\stm32f4xx_hal_adc_ex.o
                                                  Drivers\STM32F4xx_HAL_Driver\Src\stm32f4xx_hal_adc.o
HAL_DMA_UnRegisterCallback                        Drivers\STM32F4xx_HAL_Driver\Src\stm32f4xx_hal_dma.o
HAL_DeInit                                        Drivers\STM32F4xx_HAL_Driver\Src\stm32f4xx_hal.o
HAL_Delay                                         Drivers\STM32F4xx_HAL_Driver\Src\stm32f4xx_hal.o
                                                  src\main.o
                                                  Drivers\STM32F4xx_HAL_Driver\Src\stm32f4xx_ll_usb.o
                                                  Drivers\STM32F4xx_HAL_Driver\Src\stm32f4xx_hal_sd.o
                                                  Drivers\STM32F4xx_HAL_Driver\Src\stm32f4xx_hal_mmc.o
HAL_DisableCompensationCell                       Drivers\STM32F4xx_HAL_Driver\Src\stm32f4xx_hal.o
HAL_EnableCompensationCell                        Drivers\STM32F4xx_HAL_Driver\Src\stm32f4xx_hal.o
HAL_FLASHEx_AdvOBGetConfig                        Drivers\STM32F4xx_HAL_Driver\Src\stm32f4xx_hal_flash_ex.o
HAL_FLASHEx_AdvOBProgram                          Drivers\STM32F4xx_HAL_Driver\Src\stm32f4xx_hal_flash_ex.o
HAL_FLASHEx_DisableFlashSleepMode                 Drivers\STM32F4xx_HAL_Driver\Src\stm32f4xx_hal_flash_ramfunc.o
HAL_FLASHEx_EnableFlashSleepMode                  Drivers\STM32F4xx_HAL_Driver\Src\stm32f4xx_hal_flash_ramfunc.o
HAL_FLASHEx_Erase                                 Drivers\STM32F4xx_HAL_Driver\Src\stm32f4xx_hal_flash_ex.o
HAL_FLASHEx_Erase_IT                              Drivers\STM32F4xx_HAL_Driver\Src\stm32f4xx_hal_flash_ex.o
HAL_FLASHEx_OBGetConfig                           Drivers\STM32F4xx_HAL_Driver\Src\stm32f4xx_hal_flash_ex.o
HAL_FLASHEx_OBProgram                             Drivers\STM32F4xx_HAL_Driver\Src\stm32f4xx_hal_flash_ex.o
HAL_FLASHEx_OB_DeSelectPCROP                      Drivers\STM32F4xx_HAL_Driver\Src\stm32f4xx_hal_flash_ex.o
HAL_FLASHEx_OB_SelectPCROP                        Drivers\STM32F4xx_HAL_Driver\Src\stm32f4xx_hal_flash_ex.o
HAL_FLASHEx_StartFlashInterfaceClk                Drivers\STM32F4xx_HAL_Driver\Src\stm32f4xx_hal_flash_ramfunc.o
HAL_FLASHEx_StopFlashInterfaceClk                 Drivers\STM32F4xx_HAL_Driver\Src\stm32f4xx_hal_flash_ramfunc.o
HAL_FLASH_EndOfOperationCallback                  Drivers\STM32F4xx_HAL_Driver\Src\stm32f4xx_hal_flash.o
HAL_FLASH_GetError                                Drivers\STM32F4xx_HAL_Driver\Src\stm32f4xx_hal_flash.o
HAL_FLASH_IRQHandler                              Drivers\STM32F4xx_HAL_Driver\Src\stm32f4xx_hal_flash.o
HAL_FLASH_Lock                                    Drivers\STM32F4xx_HAL_Driver\Src\stm32f4xx_hal_flash.o
HAL_FLASH_OB_Launch                               Drivers\STM32F4xx_HAL_Driver\Src\stm32f4xx_hal_flash.o
HAL_FLASH_OB_Lock                                 Drivers\STM32F4xx_HAL_Driver\Src\stm32f4xx_hal_flash.o
HAL_FLASH_OB_Unlock                               Drivers\STM32F4xx_HAL_Driver\Src\stm32f4xx_hal_flash.o
HAL_FLASH_OperationErrorCallback                  Drivers\STM32F4xx_HAL_Driver\Src\stm32f4xx_hal_flash.o
HAL_FLASH_Program                                 Drivers\STM32F4xx_HAL_Driver\Src\stm32f4xx_hal_flash.o
HAL_FLASH_Program_IT                              Drivers\STM32F4xx_HAL_Driver\Src\stm32f4xx_hal_flash.o
HAL_FLASH_Unlock                                  Drivers\STM32F4xx_HAL_Driver\Src\stm32f4xx_hal_flash.o
HAL_FMPI2CEx_ConfigAnalogFilter                   Drivers\STM32F4xx_HAL_Driver\Src\stm32f4xx_hal_fmpi2c_ex.o
HAL_FMPI2CEx_ConfigDigitalFilter                  Drivers\STM32F4xx_HAL_Driver\Src\stm32f4xx_hal_fmpi2c_ex.o
HAL_FMPI2CEx_DisableFastModePlus                  Drivers\STM32F4xx_HAL_Driver\Src\stm32f4xx_hal_fmpi2c_ex.o
HAL_FMPI2CEx_EnableFastModePlus                   Drivers\STM32F4xx_HAL_Driver\Src\stm32f4xx_hal_fmpi2c_ex.o
HAL_FMPI2C_AbortCpltCallback                      Drivers\STM32F4xx_HAL_Driver\Src\stm32f4xx_hal_fmpi2c.o
HAL_FMPI2C_AddrCallback                           Drivers\STM32F4xx_HAL_Driver\Src\stm32f4xx_hal_fmpi2c.o
HAL_FMPI2C_DeInit                                 Drivers\STM32F4xx_HAL_Driver\Src\stm32f4xx_hal_fmpi2c.o
HAL_FMPI2C_DisableListen_IT                       Drivers\STM32F4xx_HAL_Driver\Src\stm32f4xx_hal_fmpi2c.o
HAL_FMPI2C_ER_IRQHandler                          Drivers\STM32F4xx_HAL_Driver\Src\stm32f4xx_hal_fmpi2c.o
HAL_FMPI2C_EV_IRQHandler                          Drivers\STM32F4xx_HAL_Driver\Src\stm32f4xx_hal_fmpi2c.o
HAL_FMPI2C_EnableListen_IT                        Drivers\STM32F4xx_HAL_Driver\Src\stm32f4xx_hal_fmpi2c.o
HAL_FMPI2C_ErrorCallback                          Drivers\STM32F4xx_HAL_Driver\Src\stm32f4xx_hal_fmpi2c.o
HAL_FMPI2C_GetError                               Drivers\STM32F4xx_HAL_Driver\Src\stm32f4xx_hal_fmpi2c.o
HAL_FMPI2C_GetMode                                Drivers\STM32F4xx_HAL_Driver\Src\stm32f4xx_hal_fmpi2c.o
HAL_FMPI2C_GetState                               Drivers\STM32F4xx_HAL_Driver\Src\stm32f4xx_hal_fmpi2c.o
HAL_FMPI2C_Init                                   Drivers\STM32F4xx_HAL_Driver\Src\stm32f4xx_hal_fmpi2c.o
HAL_FMPI2C_IsDeviceReady                          Drivers\STM32F4xx_HAL_Driver\Src\stm32f4xx_hal_fmpi2c.o
HAL_FMPI2C_ListenCpltCallback                     Drivers\STM32F4xx_HAL_Driver\Src\stm32f4xx_hal_fmpi2c.o
HAL_FMPI2C_MasterRxCpltCallback                   Drivers\STM32F4xx_HAL_Driver\Src\stm32f4xx_hal_fmpi2c.o
HAL_FMPI2C_MasterTxCpltCallback                   Drivers\STM32F4xx_HAL_Driver\Src\stm32f4xx_hal_fmpi2c.o
HAL_FMPI2C_Master_Abort_IT                        Drivers\STM32F4xx_HAL_Driver\Src\stm32f4xx_hal_fmpi2c.o
HAL_FMPI2C_Master_Receive                         Drivers\STM32F4xx_HAL_Driver\Src\stm32f4xx_hal_fmpi2c.o
HAL_FMPI2C_Master_Receive_DMA                     Drivers\STM32F4xx_HAL_Driver\Src\stm32f4xx_hal_fmpi2c.o
HAL_FMPI2C_Master_Receive_IT                      Drivers\STM32F4xx_HAL_Driver\Src\stm32f4xx_hal_fmpi2c.o
HAL_FMPI2C_Master_Sequential_Receive_IT           Drivers\STM32F4xx_HAL_Driver\Src\stm32f4xx_hal_fmpi2c.o
HAL_FMPI2C_Master_Sequential_Transmit_IT          Drivers\STM32F4xx_HAL_Driver\Src\stm32f4xx_hal_fmpi2c.o
HAL_FMPI2C_Master_Transmit                        Drivers\STM32F4xx_HAL_Driver\Src\stm32f4xx_hal_fmpi2c.o
HAL_FMPI2C_Master_Transmit_DMA                    Drivers\STM32F4xx_HAL_Driver\Src\stm32f4xx_hal_fmpi2c.o
HAL_FMPI2C_Master_Transmit_IT                     Drivers\STM32F4xx_HAL_Driver\Src\stm32f4xx_hal_fmpi2c.o
HAL_FMPI2C_MemRxCpltCallback                      Drivers\STM32F4xx_HAL_Driver\Src\stm32f4xx_hal_fmpi2c.o
HAL_FMPI2C_MemTxCpltCallback                      Drivers\STM32F4xx_HAL_Driver\Src\stm32f4xx_hal_fmpi2c.o
HAL_FMPI2C_Mem_Read                               Drivers\STM32F4xx_HAL_Driver\Src\stm32f4xx_hal_fmpi2c.o
HAL_FMPI2C_Mem_Read_DMA                           Drivers\STM32F4xx_HAL_Driver\Src\stm32f4xx_hal_fmpi2c.o
HAL_FMPI2C_Mem_Read_IT                            Drivers\STM32F4xx_HAL_Driver\Src\stm32f4xx_hal_fmpi2c.o
HAL_FMPI2C_Mem_Write                              Drivers\STM32F4xx_HAL_Driver\Src\stm32f4xx_hal_fmpi2c.o
HAL_FMPI2C_Mem_Write_DMA                          Drivers\STM32F4xx_HAL_Driver\Src\stm32f4xx_hal_fmpi2c.o
HAL_FMPI2C_Mem_Write_IT                           Drivers\STM32F4xx_HAL_Driver\Src\stm32f4xx_hal_fmpi2c.o
HAL_FMPI2C_MspDeInit                              Drivers\STM32F4xx_HAL_Driver\Src\stm32f4xx_hal_fmpi2c.o
HAL_FMPI2C_MspInit                                Drivers\STM32F4xx_HAL_Driver\Src\stm32f4xx_hal_fmpi2c.o
HAL_FMPI2C_SlaveRxCpltCallback                    Drivers\STM32F4xx_HAL_Driver\Src\stm32f4xx_hal_fmpi2c.o
HAL_FMPI2C_SlaveTxCpltCallback                    Drivers\STM32F4xx_HAL_Driver\Src\stm32f4xx_hal_fmpi2c.o
HAL_FMPI2C_Slave_Receive                          Drivers\STM32F4xx_HAL_Driver\Src\stm32f4xx_hal_fmpi2c.o
HAL_FMPI2C_Slave_Receive_DMA                      Drivers\STM32F4xx_HAL_Driver\Src\stm32f4xx_hal_fmpi2c.o
HAL_FMPI2C_Slave_Receive_IT                       Drivers\STM32F4xx_HAL_Driver\Src\stm32f4xx_hal_fmpi2c.o
HAL_FMPI2C_Slave_Sequential_Receive_IT            Drivers\STM32F4xx_HAL_Driver\Src\stm32f4xx_hal_fmpi2c.o
HAL_FMPI2C_Slave_Sequential_Transmit_IT           Drivers\STM32F4xx_HAL_Driver\Src\stm32f4xx_hal_fmpi2c.o
HAL_FMPI2C_Slave_Transmit                         Drivers\STM32F4xx_HAL_Driver\Src\stm32f4xx_hal_fmpi2c.o
HAL_FMPI2C_Slave_Transmit_DMA                     Drivers\STM32F4xx_HAL_Driver\Src\stm32f4xx_hal_fmpi2c.o
HAL_FMPI2C_Slave_Transmit_IT                      Drivers\STM32F4xx_HAL_Driver\Src\stm32f4xx_hal_fmpi2c.o
HAL_GPIO_DeInit                                   Drivers\STM32F4xx_HAL_Driver\Src\stm32f4xx_hal_gpio.o
HAL_GPIO_EXTI_Callback                            Drivers\STM32F4xx_HAL_Driver\Src\stm32f4xx_hal_gpio.o
HAL_GPIO_EXTI_IRQHandler                          Drivers\STM32F4xx_HAL_Driver\Src\stm32f4xx_hal_gpio.o
HAL_GPIO_Init                                     Drivers\STM32F4xx_HAL_Driver\Src\stm32f4xx_hal_gpio.o
                                                  src\main.o
                                                  Drivers\STM32F4xx_HAL_Driver\Src\stm32f4xx_hal_rcc.o
HAL_GPIO_LockPin                                  Drivers\STM32F4xx_HAL_Driver\Src\stm32f4xx_hal_gpio.o
HAL_GPIO_ReadPin                                  Drivers\STM32F4xx_HAL_Driver\Src\stm32f4xx_hal_gpio.o
HAL_GPIO_TogglePin                                Drivers\STM32F4xx_HAL_Driver\Src\stm32f4xx_hal_gpio.o
                                                  src\main.o
HAL_GPIO_WritePin                                 Drivers\STM32F4xx_HAL_Driver\Src\stm32f4xx_hal_gpio.o
HAL_GetDEVID                                      Drivers\STM32F4xx_HAL_Driver\Src\stm32f4xx_hal.o
HAL_GetHalVersion                                 Drivers\STM32F4xx_HAL_Driver\Src\stm32f4xx_hal.o
HAL_GetREVID                                      Drivers\STM32F4xx_HAL_Driver\Src\stm32f4xx_hal.o
HAL_GetTick                                       Drivers\STM32F4xx_HAL_Driver\Src\stm32f4xx_hal.o
                                                  Drivers\STM32F4xx_HAL_Driver\Src\stm32f4xx_ll_fmc.o
                                                  Drivers\STM32F4xx_HAL_Driver\Src\stm32f4xx_hal_usart.o
                                                  Drivers\STM32F4xx_HAL_Driver\Src\stm32f4xx_hal_uart.o
                                                  Drivers\STM32F4xx_HAL_Driver\Src\stm32f4xx_hal_spi.o
                                                  Drivers\STM32F4xx_HAL_Driver\Src\stm32f4xx_hal_spdifrx.o
                                                  Drivers\STM32F4xx_HAL_Driver\Src\stm32f4xx_hal_smartcard.o
                                                  Drivers\STM32F4xx_HAL_Driver\Src\stm32f4xx_hal_sd.o
                                                  Drivers\STM32F4xx_HAL_Driver\Src\stm32f4xx_hal_sai.o
                                                  Drivers\STM32F4xx_HAL_Driver\Src\stm32f4xx_hal_rtc_ex.o
                                                  Drivers\STM32F4xx_HAL_Driver\Src\stm32f4xx_hal_rtc.o
                                                  Drivers\STM32F4xx_HAL_Driver\Src\stm32f4xx_hal_rcc_ex.o
                                                  Drivers\STM32F4xx_HAL_Driver\Src\stm32f4xx_hal_rcc.o
                                                  Drivers\STM32F4xx_HAL_Driver\Src\stm32f4xx_hal_qspi.o
                                                  Drivers\STM32F4xx_HAL_Driver\Src\stm32f4xx_hal_pwr_ex.o
                                                  Drivers\STM32F4xx_HAL_Driver\Src\stm32f4xx_hal_nor.o
                                                  Drivers\STM32F4xx_HAL_Driver\Src\stm32f4xx_hal_nand.o
                                                  Drivers\STM32F4xx_HAL_Driver\Src\stm32f4xx_hal_mmc.o
                                                  Drivers\STM32F4xx_HAL_Driver\Src\stm32f4xx_hal_iwdg.o
                                                  Drivers\STM32F4xx_HAL_Driver\Src\stm32f4xx_hal_irda.o
                                                  Drivers\STM32F4xx_HAL_Driver\Src\stm32f4xx_hal_i2s.o
                                                  Drivers\STM32F4xx_HAL_Driver\Src\stm32f4xx_hal_i2c.o
                                                  Drivers\STM32F4xx_HAL_Driver\Src\stm32f4xx_hal_fmpi2c.o
                                                  Drivers\STM32F4xx_HAL_Driver\Src\stm32f4xx_hal_flash.o
                                                  Drivers\STM32F4xx_HAL_Driver\Src\stm32f4xx_hal_dma.o
                                                  Drivers\STM32F4xx_HAL_Driver\Src\stm32f4xx_hal_can.o
                                                  Drivers\STM32F4xx_HAL_Driver\Src\stm32f4xx_hal_adc_ex.o
                                                  Drivers\STM32F4xx_HAL_Driver\Src\stm32f4xx_hal_adc.o
HAL_GetUID                                        Drivers\STM32F4xx_HAL_Driver\Src\stm32f4xx_hal.o
HAL_HCD_Connect_Callback                          Drivers\STM32F4xx_HAL_Driver\Src\stm32f4xx_hal_hcd.o
HAL_HCD_DeInit                                    Drivers\STM32F4xx_HAL_Driver\Src\stm32f4xx_hal_hcd.o
HAL_HCD_Disconnect_Callback                       Drivers\STM32F4xx_HAL_Driver\Src\stm32f4xx_hal_hcd.o
HAL_HCD_GetCurrentFrame                           Drivers\STM32F4xx_HAL_Driver\Src\stm32f4xx_hal_hcd.o
HAL_HCD_GetCurrentSpeed                           Drivers\STM32F4xx_HAL_Driver\Src\stm32f4xx_hal_hcd.o
HAL_HCD_GetState                                  Drivers\STM32F4xx_HAL_Driver\Src\stm32f4xx_hal_hcd.o
HAL_HCD_HC_GetState                               Drivers\STM32F4xx_HAL_Driver\Src\stm32f4xx_hal_hcd.o
HAL_HCD_HC_GetURBState                            Drivers\STM32F4xx_HAL_Driver\Src\stm32f4xx_hal_hcd.o
HAL_HCD_HC_GetXferCount                           Drivers\STM32F4xx_HAL_Driver\Src\stm32f4xx_hal_hcd.o
HAL_HCD_HC_Halt                                   Drivers\STM32F4xx_HAL_Driver\Src\stm32f4xx_hal_hcd.o
HAL_HCD_HC_Init                                   Drivers\STM32F4xx_HAL_Driver\Src\stm32f4xx_hal_hcd.o
HAL_HCD_HC_NotifyURBChange_Callback               Drivers\STM32F4xx_HAL_Driver\Src\stm32f4xx_hal_hcd.o
HAL_HCD_HC_SubmitRequest                          Drivers\STM32F4xx_HAL_Driver\Src\stm32f4xx_hal_hcd.o
HAL_HCD_IRQHandler                                Drivers\STM32F4xx_HAL_Driver\Src\stm32f4xx_hal_hcd.o
HAL_HCD_Init                                      Drivers\STM32F4xx_HAL_Driver\Src\stm32f4xx_hal_hcd.o
HAL_HCD_MspDeInit                                 Drivers\STM32F4xx_HAL_Driver\Src\stm32f4xx_hal_hcd.o
HAL_HCD_MspInit                                   Drivers\STM32F4xx_HAL_Driver\Src\stm32f4xx_hal_hcd.o
HAL_HCD_ResetPort                                 Drivers\STM32F4xx_HAL_Driver\Src\stm32f4xx_hal_hcd.o
HAL_HCD_SOF_Callback                              Drivers\STM32F4xx_HAL_Driver\Src\stm32f4xx_hal_hcd.o
HAL_HCD_Start                                     Drivers\STM32F4xx_HAL_Driver\Src\stm32f4xx_hal_hcd.o
HAL_HCD_Stop                                      Drivers\STM32F4xx_HAL_Driver\Src\stm32f4xx_hal_hcd.o
HAL_HalfDuplex_EnableReceiver                     Drivers\STM32F4xx_HAL_Driver\Src\stm32f4xx_hal_uart.o
HAL_HalfDuplex_EnableTransmitter                  Drivers\STM32F4xx_HAL_Driver\Src\stm32f4xx_hal_uart.o
HAL_HalfDuplex_Init                               Drivers\STM32F4xx_HAL_Driver\Src\stm32f4xx_hal_uart.o
HAL_I2CEx_ConfigAnalogFilter                      Drivers\STM32F4xx_HAL_Driver\Src\stm32f4xx_hal_i2c_ex.o
HAL_I2CEx_ConfigDigitalFilter                     Drivers\STM32F4xx_HAL_Driver\Src\stm32f4xx_hal_i2c_ex.o
HAL_I2C_AbortCpltCallback                         Drivers\STM32F4xx_HAL_Driver\Src\stm32f4xx_hal_i2c.o
HAL_I2C_AddrCallback                              Drivers\STM32F4xx_HAL_Driver\Src\stm32f4xx_hal_i2c.o
HAL_I2C_DeInit                                    Drivers\STM32F4xx_HAL_Driver\Src\stm32f4xx_hal_i2c.o
HAL_I2C_DisableListen_IT                          Drivers\STM32F4xx_HAL_Driver\Src\stm32f4xx_hal_i2c.o
HAL_I2C_ER_IRQHandler                             Drivers\STM32F4xx_HAL_Driver\Src\stm32f4xx_hal_i2c.o
HAL_I2C_EV_IRQHandler                             Drivers\STM32F4xx_HAL_Driver\Src\stm32f4xx_hal_i2c.o
HAL_I2C_EnableListen_IT                           Drivers\STM32F4xx_HAL_Driver\Src\stm32f4xx_hal_i2c.o
HAL_I2C_ErrorCallback                             Drivers\STM32F4xx_HAL_Driver\Src\stm32f4xx_hal_i2c.o
HAL_I2C_GetError                                  Drivers\STM32F4xx_HAL_Driver\Src\stm32f4xx_hal_i2c.o
HAL_I2C_GetMode                                   Drivers\STM32F4xx_HAL_Driver\Src\stm32f4xx_hal_i2c.o
HAL_I2C_GetState                                  Drivers\STM32F4xx_HAL_Driver\Src\stm32f4xx_hal_i2c.o
HAL_I2C_Init                                      Drivers\STM32F4xx_HAL_Driver\Src\stm32f4xx_hal_i2c.o
HAL_I2C_IsDeviceReady                             Drivers\STM32F4xx_HAL_Driver\Src\stm32f4xx_hal_i2c.o
HAL_I2C_ListenCpltCallback                        Drivers\STM32F4xx_HAL_Driver\Src\stm32f4xx_hal_i2c.o
HAL_I2C_MasterRxCpltCallback                      Drivers\STM32F4xx_HAL_Driver\Src\stm32f4xx_hal_i2c.o
HAL_I2C_MasterTxCpltCallback                      Drivers\STM32F4xx_HAL_Driver\Src\stm32f4xx_hal_i2c.o
HAL_I2C_Master_Abort_IT                           Drivers\STM32F4xx_HAL_Driver\Src\stm32f4xx_hal_i2c.o
HAL_I2C_Master_Receive                            Drivers\STM32F4xx_HAL_Driver\Src\stm32f4xx_hal_i2c.o
HAL_I2C_Master_Receive_DMA                        Drivers\STM32F4xx_HAL_Driver\Src\stm32f4xx_hal_i2c.o
HAL_I2C_Master_Receive_IT                         Drivers\STM32F4xx_HAL_Driver\Src\stm32f4xx_hal_i2c.o
HAL_I2C_Master_Sequential_Receive_IT              Drivers\STM32F4xx_HAL_Driver\Src\stm32f4xx_hal_i2c.o
HAL_I2C_Master_Sequential_Transmit_IT             Drivers\STM32F4xx_HAL_Driver\Src\stm32f4xx_hal_i2c.o
HAL_I2C_Master_Transmit                           Drivers\STM32F4xx_HAL_Driver\Src\stm32f4xx_hal_i2c.o
HAL_I2C_Master_Transmit_DMA                       Drivers\STM32F4xx_HAL_Driver\Src\stm32f4xx_hal_i2c.o
HAL_I2C_Master_Transmit_IT                        Drivers\STM32F4xx_HAL_Driver\Src\stm32f4xx_hal_i2c.o
HAL_I2C_MemRxCpltCallback                         Drivers\STM32F4xx_HAL_Driver\Src\stm32f4xx_hal_i2c.o
HAL_I2C_MemTxCpltCallback                         Drivers\STM32F4xx_HAL_Driver\Src\stm32f4xx_hal_i2c.o
HAL_I2C_Mem_Read                                  Drivers\STM32F4xx_HAL_Driver\Src\stm32f4xx_hal_i2c.o
HAL_I2C_Mem_Read_DMA                              Drivers\STM32F4xx_HAL_Driver\Src\stm32f4xx_hal_i2c.o
HAL_I2C_Mem_Read_IT                               Drivers\STM32F4xx_HAL_Driver\Src\stm32f4xx_hal_i2c.o
HAL_I2C_Mem_Write                                 Drivers\STM32F4xx_HAL_Driver\Src\stm32f4xx_hal_i2c.o
HAL_I2C_Mem_Write_DMA                             Drivers\STM32F4xx_HAL_Driver\Src\stm32f4xx_hal_i2c.o
HAL_I2C_Mem_Write_IT                              Drivers\STM32F4xx_HAL_Driver\Src\stm32f4xx_hal_i2c.o
HAL_I2C_MspDeInit                                 Drivers\STM32F4xx_HAL_Driver\Src\stm32f4xx_hal_i2c.o
HAL_I2C_MspInit                                   Drivers\STM32F4xx_HAL_Driver\Src\stm32f4xx_hal_i2c.o
HAL_I2C_SlaveRxCpltCallback                       Drivers\STM32F4xx_HAL_Driver\Src\stm32f4xx_hal_i2c.o
HAL_I2C_SlaveTxCpltCallback                       Drivers\STM32F4xx_HAL_Driver\Src\stm32f4xx_hal_i2c.o
HAL_I2C_Slave_Receive                             Drivers\STM32F4xx_HAL_Driver\Src\stm32f4xx_hal_i2c.o
HAL_I2C_Slave_Receive_DMA                         Drivers\STM32F4xx_HAL_Driver\Src\stm32f4xx_hal_i2c.o
HAL_I2C_Slave_Receive_IT                          Drivers\STM32F4xx_HAL_Driver\Src\stm32f4xx_hal_i2c.o
HAL_I2C_Slave_Sequential_Receive_IT               Drivers\STM32F4xx_HAL_Driver\Src\stm32f4xx_hal_i2c.o
HAL_I2C_Slave_Sequential_Transmit_IT              Drivers\STM32F4xx_HAL_Driver\Src\stm32f4xx_hal_i2c.o
HAL_I2C_Slave_Transmit                            Drivers\STM32F4xx_HAL_Driver\Src\stm32f4xx_hal_i2c.o
HAL_I2C_Slave_Transmit_DMA                        Drivers\STM32F4xx_HAL_Driver\Src\stm32f4xx_hal_i2c.o
HAL_I2C_Slave_Transmit_IT                         Drivers\STM32F4xx_HAL_Driver\Src\stm32f4xx_hal_i2c.o
HAL_I2S_DMAPause                                  Drivers\STM32F4xx_HAL_Driver\Src\stm32f4xx_hal_i2s.o
HAL_I2S_DMAResume                                 Drivers\STM32F4xx_HAL_Driver\Src\stm32f4xx_hal_i2s.o
HAL_I2S_DMAStop                                   Drivers\STM32F4xx_HAL_Driver\Src\stm32f4xx_hal_i2s.o
HAL_I2S_DeInit                                    Drivers\STM32F4xx_HAL_Driver\Src\stm32f4xx_hal_i2s.o
HAL_I2S_ErrorCallback                             Drivers\STM32F4xx_HAL_Driver\Src\stm32f4xx_hal_i2s.o
HAL_I2S_GetError                                  Drivers\STM32F4xx_HAL_Driver\Src\stm32f4xx_hal_i2s.o
HAL_I2S_GetState                                  Drivers\STM32F4xx_HAL_Driver\Src\stm32f4xx_hal_i2s.o
HAL_I2S_IRQHandler                                Drivers\STM32F4xx_HAL_Driver\Src\stm32f4xx_hal_i2s.o
HAL_I2S_Init                                      Drivers\STM32F4xx_HAL_Driver\Src\stm32f4xx_hal_i2s.o
HAL_I2S_MspDeInit                                 Drivers\STM32F4xx_HAL_Driver\Src\stm32f4xx_hal_i2s.o
HAL_I2S_MspInit                                   Drivers\STM32F4xx_HAL_Driver\Src\stm32f4xx_hal_i2s.o
HAL_I2S_Receive                                   Drivers\STM32F4xx_HAL_Driver\Src\stm32f4xx_hal_i2s.o
HAL_I2S_Receive_DMA                               Drivers\STM32F4xx_HAL_Driver\Src\stm32f4xx_hal_i2s.o
HAL_I2S_Receive_IT                                Drivers\STM32F4xx_HAL_Driver\Src\stm32f4xx_hal_i2s.o
HAL_I2S_RxCpltCallback                            Drivers\STM32F4xx_HAL_Driver\Src\stm32f4xx_hal_i2s.o
HAL_I2S_RxHalfCpltCallback                        Drivers\STM32F4xx_HAL_Driver\Src\stm32f4xx_hal_i2s.o
HAL_I2S_Transmit                                  Drivers\STM32F4xx_HAL_Driver\Src\stm32f4xx_hal_i2s.o
HAL_I2S_Transmit_DMA                              Drivers\STM32F4xx_HAL_Driver\Src\stm32f4xx_hal_i2s.o
HAL_I2S_Transmit_IT                               Drivers\STM32F4xx_HAL_Driver\Src\stm32f4xx_hal_i2s.o
HAL_I2S_TxCpltCallback                            Drivers\STM32F4xx_HAL_Driver\Src\stm32f4xx_hal_i2s.o
HAL_I2S_TxHalfCpltCallback                        Drivers\STM32F4xx_HAL_Driver\Src\stm32f4xx_hal_i2s.o
HAL_IRDA_Abort                                    Drivers\STM32F4xx_HAL_Driver\Src\stm32f4xx_hal_irda.o
HAL_IRDA_AbortCpltCallback                        Drivers\STM32F4xx_HAL_Driver\Src\stm32f4xx_hal_irda.o
HAL_IRDA_AbortReceive                             Drivers\STM32F4xx_HAL_Driver\Src\stm32f4xx_hal_irda.o
HAL_IRDA_AbortReceiveCpltCallback                 Drivers\STM32F4xx_HAL_Driver\Src\stm32f4xx_hal_irda.o
HAL_IRDA_AbortReceive_IT                          Drivers\STM32F4xx_HAL_Driver\Src\stm32f4xx_hal_irda.o
HAL_IRDA_AbortTransmit                            Drivers\STM32F4xx_HAL_Driver\Src\stm32f4xx_hal_irda.o
HAL_IRDA_AbortTransmitCpltCallback                Drivers\STM32F4xx_HAL_Driver\Src\stm32f4xx_hal_irda.o
HAL_IRDA_AbortTransmit_IT                         Drivers\STM32F4xx_HAL_Driver\Src\stm32f4xx_hal_irda.o
HAL_IRDA_Abort_IT                                 Drivers\STM32F4xx_HAL_Driver\Src\stm32f4xx_hal_irda.o
HAL_IRDA_DMAPause                                 Drivers\STM32F4xx_HAL_Driver\Src\stm32f4xx_hal_irda.o
HAL_IRDA_DMAResume                                Drivers\STM32F4xx_HAL_Driver\Src\stm32f4xx_hal_irda.o
HAL_IRDA_DMAStop                                  Drivers\STM32F4xx_HAL_Driver\Src\stm32f4xx_hal_irda.o
HAL_IRDA_DeInit                                   Drivers\STM32F4xx_HAL_Driver\Src\stm32f4xx_hal_irda.o
HAL_IRDA_ErrorCallback                            Drivers\STM32F4xx_HAL_Driver\Src\stm32f4xx_hal_irda.o
HAL_IRDA_GetError                                 Drivers\STM32F4xx_HAL_Driver\Src\stm32f4xx_hal_irda.o
HAL_IRDA_GetState                                 Drivers\STM32F4xx_HAL_Driver\Src\stm32f4xx_hal_irda.o
HAL_IRDA_IRQHandler                               Drivers\STM32F4xx_HAL_Driver\Src\stm32f4xx_hal_irda.o
HAL_IRDA_Init                                     Drivers\STM32F4xx_HAL_Driver\Src\stm32f4xx_hal_irda.o
HAL_IRDA_MspDeInit                                Drivers\STM32F4xx_HAL_Driver\Src\stm32f4xx_hal_irda.o
HAL_IRDA_MspInit                                  Drivers\STM32F4xx_HAL_Driver\Src\stm32f4xx_hal_irda.o
HAL_IRDA_Receive                                  Drivers\STM32F4xx_HAL_Driver\Src\stm32f4xx_hal_irda.o
HAL_IRDA_Receive_DMA                              Drivers\STM32F4xx_HAL_Driver\Src\stm32f4xx_hal_irda.o
HAL_IRDA_Receive_IT                               Drivers\STM32F4xx_HAL_Driver\Src\stm32f4xx_hal_irda.o
HAL_IRDA_RxCpltCallback                           Drivers\STM32F4xx_HAL_Driver\Src\stm32f4xx_hal_irda.o
HAL_IRDA_RxHalfCpltCallback                       Drivers\STM32F4xx_HAL_Driver\Src\stm32f4xx_hal_irda.o
HAL_IRDA_Transmit                                 Drivers\STM32F4xx_HAL_Driver\Src\stm32f4xx_hal_irda.o
HAL_IRDA_Transmit_DMA                             Drivers\STM32F4xx_HAL_Driver\Src\stm32f4xx_hal_irda.o
HAL_IRDA_Transmit_IT                              Drivers\STM32F4xx_HAL_Driver\Src\stm32f4xx_hal_irda.o
HAL_IRDA_TxCpltCallback                           Drivers\STM32F4xx_HAL_Driver\Src\stm32f4xx_hal_irda.o
HAL_IRDA_TxHalfCpltCallback                       Drivers\STM32F4xx_HAL_Driver\Src\stm32f4xx_hal_irda.o
HAL_IWDG_Init                                     Drivers\STM32F4xx_HAL_Driver\Src\stm32f4xx_hal_iwdg.o